../LWIP/Target/ethernetif.c:768:9:ETH_PHY_IO_DeInit	0	static
../LWIP/Target/ethernetif.c:422:14:low_level_output	64	static
../LWIP/Target/ethernetif.c:811:9:ETH_PHY_IO_GetTick	0	static
../LWIP/Target/ethernetif.c:751:9:ETH_PHY_IO_Init	8	static
../LWIP/Target/ethernetif.c:780:9:ETH_PHY_IO_ReadReg	8	static
../LWIP/Target/ethernetif.c:797:9:ETH_PHY_IO_WriteReg	8	static
../LWIP/Target/ethernetif.c:606:6:pbuf_free_custom	8	static
../LWIP/Target/ethernetif.c:498:6:ethernetif_input	40	static
../LWIP/Target/ethernetif.c:158:6:HAL_ETH_RxCpltCallback	0	static
../LWIP/Target/ethernetif.c:167:6:HAL_ETH_TxCpltCallback	0	static
../LWIP/Target/ethernetif.c:176:6:HAL_ETH_ErrorCallback	8	static
../LWIP/Target/ethernetif.c:185:6:ethernet_link_check_state	120	static
../LWIP/Target/ethernetif.c:555:7:ethernetif_init	168	static
../LWIP/Target/ethernetif.c:629:7:sys_now	0	static
../LWIP/Target/ethernetif.c:642:6:HAL_ETH_MspInit	72	static
../LWIP/Target/ethernetif.c:705:6:HAL_ETH_MspDeInit	8	static
../LWIP/Target/ethernetif.c:820:6:ethernet_link_thread	136	static
../LWIP/Target/ethernetif.c:890:6:HAL_ETH_RxAllocateCallback	16	static
../LWIP/Target/ethernetif.c:912:6:HAL_ETH_RxLinkCallback	12	static,ignoring_inline_asm
../LWIP/Target/ethernetif.c:952:6:HAL_ETH_TxFreeCallback	0	static
