../Drivers/CMSIS/Include/core_cm7.h:2229:22:SCB_EnableICache	4	static,ignoring_inline_asm
../Drivers/CMSIS/Include/core_cm7.h:2281:22:SCB_EnableDCache	24	static,ignoring_inline_asm
../Core/Src/main.c:115:5:main	8	static
../Core/Src/main.c:213:6:SystemClock_Config	88	static
../Core/Src/main.c:266:13:MX_DAC_Init	16	static
../Core/Src/main.c:306:13:MX_TIM3_Init	48	static
../Core/Src/main.c:355:13:MX_GPIO_Init	48	static
../Core/Src/main.c:399:6:netconn_init	24	static
../Core/Src/main.c:423:6:start_conn_handler	16	static
../Core/Src/main.c:488:6:dac_control	24	static
../Core/Src/main.c:498:6:start_motor_control	48	static
../Core/Src/main.c:522:6:start_tcp_thread	24	static
../Core/Src/main.c:544:6:start_control_systems	40	static
../Core/Src/main.c:583:6:MPU_Config	24	static
../Core/Src/main.c:618:6:HAL_TIM_PeriodElapsedCallback	16	static
../Core/Src/main.c:635:6:Error_Handler	4	static,ignoring_inline_asm
