../Drivers/CMSIS/Include/core_cm7.h:2229:22:SCB_EnableICache	4	static,ignoring_inline_asm
../Drivers/CMSIS/Include/core_cm7.h:2281:22:SCB_EnableDCache	24	static,ignoring_inline_asm
../Core/Src/main.c:105:5:main	8	static
../Core/Src/main.c:201:6:SystemClock_Config	88	static
../Core/Src/main.c:254:13:MX_GPIO_Init	48	static
../Core/Src/main.c:288:6:netconn_init	24	static
../Core/Src/main.c:312:6:start_conn_handler	16	static
../Core/Src/main.c:383:6:start_motor_control	16	static
../Core/Src/main.c:402:6:start_tcp_thread	24	static
../Core/Src/main.c:425:6:start_control_systems	32	static
../Core/Src/main.c:448:6:MPU_Config	24	static
../Core/Src/main.c:483:6:HAL_TIM_PeriodElapsedCallback	16	static
../Core/Src/main.c:500:6:Error_Handler	4	static,ignoring_inline_asm
