Archive member included to satisfy reference by file (symbol)

/opt/st/stm32cubeide_1.10.1/plugins/com.st.stm32cube.ide.mcu.externaltools.gnu-tools-for-stm32.10.3-2021.10.linux64_1.0.0.202111181127/tools/bin/../lib/gcc/arm-none-eabi/10.3.1/../../../../arm-none-eabi/lib/thumb/v7e-m+fp/hard/libc_nano.a(lib_a-atoi.o)
                              ./Middlewares/Third_Party/LwIP/src/core/netif.o (atoi)
/opt/st/stm32cubeide_1.10.1/plugins/com.st.stm32cube.ide.mcu.externaltools.gnu-tools-for-stm32.10.3-2021.10.linux64_1.0.0.202111181127/tools/bin/../lib/gcc/arm-none-eabi/10.3.1/../../../../arm-none-eabi/lib/thumb/v7e-m+fp/hard/libc_nano.a(lib_a-ctype_.o)
                              ./Middlewares/Third_Party/LwIP/src/core/ipv4/ip4_addr.o (_ctype_)
/opt/st/stm32cubeide_1.10.1/plugins/com.st.stm32cube.ide.mcu.externaltools.gnu-tools-for-stm32.10.3-2021.10.linux64_1.0.0.202111181127/tools/bin/../lib/gcc/arm-none-eabi/10.3.1/../../../../arm-none-eabi/lib/thumb/v7e-m+fp/hard/libc_nano.a(lib_a-exit.o)
                              /opt/st/stm32cubeide_1.10.1/plugins/com.st.stm32cube.ide.mcu.externaltools.gnu-tools-for-stm32.10.3-2021.10.linux64_1.0.0.202111181127/tools/bin/../lib/gcc/arm-none-eabi/10.3.1/../../../../arm-none-eabi/lib/thumb/v7e-m+fp/hard/crt0.o (exit)
/opt/st/stm32cubeide_1.10.1/plugins/com.st.stm32cube.ide.mcu.externaltools.gnu-tools-for-stm32.10.3-2021.10.linux64_1.0.0.202111181127/tools/bin/../lib/gcc/arm-none-eabi/10.3.1/../../../../arm-none-eabi/lib/thumb/v7e-m+fp/hard/libc_nano.a(lib_a-findfp.o)
                              ./Middlewares/Third_Party/FreeRTOS/Source/tasks.o (__sf_fake_stderr)
/opt/st/stm32cubeide_1.10.1/plugins/com.st.stm32cube.ide.mcu.externaltools.gnu-tools-for-stm32.10.3-2021.10.linux64_1.0.0.202111181127/tools/bin/../lib/gcc/arm-none-eabi/10.3.1/../../../../arm-none-eabi/lib/thumb/v7e-m+fp/hard/libc_nano.a(lib_a-fwalk.o)
                              /opt/st/stm32cubeide_1.10.1/plugins/com.st.stm32cube.ide.mcu.externaltools.gnu-tools-for-stm32.10.3-2021.10.linux64_1.0.0.202111181127/tools/bin/../lib/gcc/arm-none-eabi/10.3.1/../../../../arm-none-eabi/lib/thumb/v7e-m+fp/hard/libc_nano.a(lib_a-findfp.o) (_fwalk)
/opt/st/stm32cubeide_1.10.1/plugins/com.st.stm32cube.ide.mcu.externaltools.gnu-tools-for-stm32.10.3-2021.10.linux64_1.0.0.202111181127/tools/bin/../lib/gcc/arm-none-eabi/10.3.1/../../../../arm-none-eabi/lib/thumb/v7e-m+fp/hard/libc_nano.a(lib_a-impure.o)
                              /opt/st/stm32cubeide_1.10.1/plugins/com.st.stm32cube.ide.mcu.externaltools.gnu-tools-for-stm32.10.3-2021.10.linux64_1.0.0.202111181127/tools/bin/../lib/gcc/arm-none-eabi/10.3.1/../../../../arm-none-eabi/lib/thumb/v7e-m+fp/hard/libc_nano.a(lib_a-exit.o) (_global_impure_ptr)
/opt/st/stm32cubeide_1.10.1/plugins/com.st.stm32cube.ide.mcu.externaltools.gnu-tools-for-stm32.10.3-2021.10.linux64_1.0.0.202111181127/tools/bin/../lib/gcc/arm-none-eabi/10.3.1/../../../../arm-none-eabi/lib/thumb/v7e-m+fp/hard/libc_nano.a(lib_a-init.o)
                              /opt/st/stm32cubeide_1.10.1/plugins/com.st.stm32cube.ide.mcu.externaltools.gnu-tools-for-stm32.10.3-2021.10.linux64_1.0.0.202111181127/tools/bin/../lib/gcc/arm-none-eabi/10.3.1/../../../../arm-none-eabi/lib/thumb/v7e-m+fp/hard/crt0.o (__libc_init_array)
/opt/st/stm32cubeide_1.10.1/plugins/com.st.stm32cube.ide.mcu.externaltools.gnu-tools-for-stm32.10.3-2021.10.linux64_1.0.0.202111181127/tools/bin/../lib/gcc/arm-none-eabi/10.3.1/../../../../arm-none-eabi/lib/thumb/v7e-m+fp/hard/libc_nano.a(lib_a-lock.o)
                              /opt/st/stm32cubeide_1.10.1/plugins/com.st.stm32cube.ide.mcu.externaltools.gnu-tools-for-stm32.10.3-2021.10.linux64_1.0.0.202111181127/tools/bin/../lib/gcc/arm-none-eabi/10.3.1/../../../../arm-none-eabi/lib/thumb/v7e-m+fp/hard/libc_nano.a(lib_a-findfp.o) (__retarget_lock_init_recursive)
/opt/st/stm32cubeide_1.10.1/plugins/com.st.stm32cube.ide.mcu.externaltools.gnu-tools-for-stm32.10.3-2021.10.linux64_1.0.0.202111181127/tools/bin/../lib/gcc/arm-none-eabi/10.3.1/../../../../arm-none-eabi/lib/thumb/v7e-m+fp/hard/libc_nano.a(lib_a-memcmp.o)
                              ./Middlewares/Third_Party/LwIP/src/netif/bridgeif_fdb.o (memcmp)
/opt/st/stm32cubeide_1.10.1/plugins/com.st.stm32cube.ide.mcu.externaltools.gnu-tools-for-stm32.10.3-2021.10.linux64_1.0.0.202111181127/tools/bin/../lib/gcc/arm-none-eabi/10.3.1/../../../../arm-none-eabi/lib/thumb/v7e-m+fp/hard/libc_nano.a(lib_a-memcpy-stub.o)
                              ./Middlewares/Third_Party/FreeRTOS/Source/CMSIS_RTOS_V2/cmsis_os2.o (memcpy)
/opt/st/stm32cubeide_1.10.1/plugins/com.st.stm32cube.ide.mcu.externaltools.gnu-tools-for-stm32.10.3-2021.10.linux64_1.0.0.202111181127/tools/bin/../lib/gcc/arm-none-eabi/10.3.1/../../../../arm-none-eabi/lib/thumb/v7e-m+fp/hard/libc_nano.a(lib_a-memmove.o)
                              ./Middlewares/Third_Party/LwIP/src/core/def.o (memmove)
[...]
Memory Configuration

Name             Origin             Length             Attributes
RAM              0x0000000020000000 0x0000000000050000 xrw
FLASH            0x0000000008000000 0x0000000000100000 xr
*default*        0x0000000000000000 0xffffffffffffffff

Linker script and memory map

LOAD /opt/st/stm32cubeide_1.10.1/plugins/com.st.stm32cube.ide.mcu.externaltools.gnu-tools-for-stm32.10.3-2021.10.linux64_1.0.0.202111181127/tools/bin/../lib/gcc/arm-none-eabi/10.3.1/thumb/v7e-m+fp/hard/crti.o
LOAD /opt/st/stm32cubeide_1.10.1/plugins/com.st.stm32cube.ide.mcu.externaltools.gnu-tools-for-stm32.10.3-2021.10.linux64_1.0.0.202111181127/tools/bin/../lib/gcc/arm-none-eabi/10.3.1/thumb/v7e-m+fp/hard/crtbegin.o
LOAD /opt/st/stm32cubeide_1.10.1/plugins/com.st.stm32cube.ide.mcu.externaltools.gnu-tools-for-stm32.10.3-2021.10.linux64_1.0.0.202111181127/tools/bin/../lib/gcc/arm-none-eabi/10.3.1/../../../../arm-none-eabi/lib/thumb/v7e-m+fp/hard/crt0.o
LOAD ./Core/Src/freertos.o
LOAD ./Core/Src/main.o
LOAD ./Core/Src/stm32f7xx_hal_msp.o
LOAD ./Core/Src/stm32f7xx_hal_timebase_tim.o
LOAD ./Core/Src/stm32f7xx_it.o
LOAD ./Core/Src/syscalls.o
LOAD ./Core/Src/sysmem.o
LOAD ./Core/Src/system_stm32f7xx.o
LOAD ./Core/Startup/startup_stm32f746zgtx.o
LOAD ./Drivers/BSP/Components/lan8742/lan8742.o
LOAD ./Drivers/STM32F7xx_HAL_Driver/Src/stm32f7xx_hal.o
LOAD ./Drivers/STM32F7xx_HAL_Driver/Src/stm32f7xx_hal_cortex.o
LOAD ./Drivers/STM32F7xx_HAL_Driver/Src/stm32f7xx_hal_dma.o
LOAD ./Drivers/STM32F7xx_HAL_Driver/Src/stm32f7xx_hal_dma_ex.o
LOAD ./Drivers/STM32F7xx_HAL_Driver/Src/stm32f7xx_hal_eth.o
LOAD ./Drivers/STM32F7xx_HAL_Driver/Src/stm32f7xx_hal_exti.o
LOAD ./Drivers/STM32F7xx_HAL_Driver/Src/stm32f7xx_hal_flash.o
LOAD ./Drivers/STM32F7xx_HAL_Driver/Src/stm32f7xx_hal_flash_ex.o
LOAD ./Drivers/STM32F7xx_HAL_Driver/Src/stm32f7xx_hal_gpio.o
LOAD ./Drivers/STM32F7xx_HAL_Driver/Src/stm32f7xx_hal_i2c.o
LOAD ./Drivers/STM32F7xx_HAL_Driver/Src/stm32f7xx_hal_i2c_ex.o
LOAD ./Drivers/STM32F7xx_HAL_Driver/Src/stm32f7xx_hal_pwr.o
LOAD ./Drivers/STM32F7xx_HAL_Driver/Src/stm32f7xx_hal_pwr_ex.o
LOAD ./Drivers/STM32F7xx_HAL_Driver/Src/stm32f7xx_hal_rcc.o
LOAD ./Drivers/STM32F7xx_HAL_Driver/Src/stm32f7xx_hal_rcc_ex.o
LOAD ./Drivers/STM32F7xx_HAL_Driver/Src/stm32f7xx_hal_tim.o
LOAD ./Drivers/STM32F7xx_HAL_Driver/Src/stm32f7xx_hal_tim_ex.o
LOAD ./LWIP/App/lwip.o
LOAD ./LWIP/Target/ethernetif.o
LOAD ./Middlewares/Third_Party/FreeRTOS/Source/CMSIS_RTOS_V2/cmsis_os2.o
LOAD ./Middlewares/Third_Party/FreeRTOS/Source/croutine.o
LOAD ./Middlewares/Third_Party/FreeRTOS/Source/event_groups.o
LOAD ./Middlewares/Third_Party/FreeRTOS/Source/list.o
LOAD ./Middlewares/Third_Party/FreeRTOS/Source/queue.o
LOAD ./Middlewares/Third_Party/FreeRTOS/Source/stream_buffer.o
LOAD ./Middlewares/Third_Party/FreeRTOS/Source/tasks.o
LOAD ./Middlewares/Third_Party/FreeRTOS/Source/timers.o
LOAD ./Middlewares/Third_Party/FreeRTOS/Source/portable/GCC/ARM_CM7/r0p1/port.o
LOAD ./Middlewares/Third_Party/FreeRTOS/Source/portable/MemMang/heap_4.o
LOAD ./Middlewares/Third_Party/LwIP/src/api/api_lib.o
LOAD ./Middlewares/Third_Party/LwIP/src/api/api_msg.o
LOAD ./Middlewares/Third_Party/LwIP/src/api/err.o
LOAD ./Middlewares/Third_Party/LwIP/src/api/if_api.o
LOAD ./Middlewares/Third_Party/LwIP/src/api/netbuf.o
LOAD ./Middlewares/Third_Party/LwIP/src/api/netdb.o
LOAD ./Middlewares/Third_Party/LwIP/src/api/netifapi.o
LOAD ./Middlewares/Third_Party/LwIP/src/api/sockets.o
LOAD ./Middlewares/Third_Party/LwIP/src/api/tcpip.o
LOAD ./Middlewares/Third_Party/LwIP/src/apps/mqtt/mqtt.o
LOAD ./Middlewares/Third_Party/LwIP/src/core/altcp.o
LOAD ./Middlewares/Third_Party/LwIP/src/core/altcp_alloc.o
LOAD ./Middlewares/Third_Party/LwIP/src/core/altcp_tcp.o
LOAD ./Middlewares/Third_Party/LwIP/src/core/def.o
LOAD ./Middlewares/Third_Party/LwIP/src/core/dns.o
LOAD ./Middlewares/Third_Party/LwIP/src/core/inet_chksum.o
LOAD ./Middlewares/Third_Party/LwIP/src/core/init.o
LOAD ./Middlewares/Third_Party/LwIP/src/core/ip.o
LOAD ./Middlewares/Third_Party/LwIP/src/core/mem.o
LOAD ./Middlewares/Third_Party/LwIP/src/core/memp.o
LOAD ./Middlewares/Third_Party/LwIP/src/core/netif.o
LOAD ./Middlewares/Third_Party/LwIP/src/core/pbuf.o
LOAD ./Middlewares/Third_Party/LwIP/src/core/raw.o
LOAD ./Middlewares/Third_Party/LwIP/src/core/stats.o
LOAD ./Middlewares/Third_Party/LwIP/src/core/sys.o
LOAD ./Middlewares/Third_Party/LwIP/src/core/tcp.o
LOAD ./Middlewares/Third_Party/LwIP/src/core/tcp_in.o
LOAD ./Middlewares/Third_Party/LwIP/src/core/tcp_out.o
LOAD ./Middlewares/Third_Party/LwIP/src/core/timeouts.o
LOAD ./Middlewares/Third_Party/LwIP/src/core/udp.o
LOAD ./Middlewares/Third_Party/LwIP/src/core/ipv4/autoip.o
LOAD ./Middlewares/Third_Party/LwIP/src/core/ipv4/dhcp.o
LOAD ./Middlewares/Third_Party/LwIP/src/core/ipv4/etharp.o
LOAD ./Middlewares/Third_Party/LwIP/src/core/ipv4/icmp.o
LOAD ./Middlewares/Third_Party/LwIP/src/core/ipv4/igmp.o
LOAD ./Middlewares/Third_Party/LwIP/src/core/ipv4/ip4.o
LOAD ./Middlewares/Third_Party/LwIP/src/core/ipv4/ip4_addr.o
LOAD ./Middlewares/Third_Party/LwIP/src/core/ipv4/ip4_frag.o
LOAD ./Middlewares/Third_Party/LwIP/src/core/ipv6/dhcp6.o
LOAD ./Middlewares/Third_Party/LwIP/src/core/ipv6/ethip6.o
LOAD ./Middlewares/Third_Party/LwIP/src/core/ipv6/icmp6.o
LOAD ./Middlewares/Third_Party/LwIP/src/core/ipv6/inet6.o
LOAD ./Middlewares/Third_Party/LwIP/src/core/ipv6/ip6.o
LOAD ./Middlewares/Third_Party/LwIP/src/core/ipv6/ip6_addr.o
LOAD ./Middlewares/Third_Party/LwIP/src/core/ipv6/ip6_frag.o
LOAD ./Middlewares/Third_Party/LwIP/src/core/ipv6/mld6.o
LOAD ./Middlewares/Third_Party/LwIP/src/core/ipv6/nd6.o
LOAD ./Middlewares/Third_Party/LwIP/src/netif/bridgeif.o
LOAD ./Middlewares/Third_Party/LwIP/src/netif/bridgeif_fdb.o
LOAD ./Middlewares/Third_Party/LwIP/src/netif/ethernet.o
LOAD ./Middlewares/Third_Party/LwIP/src/netif/lowpan6.o
LOAD ./Middlewares/Third_Party/LwIP/src/netif/lowpan6_ble.o
LOAD ./Middlewares/Third_Party/LwIP/src/netif/lowpan6_common.o
LOAD ./Middlewares/Third_Party/LwIP/src/netif/slipif.o
LOAD ./Middlewares/Third_Party/LwIP/src/netif/zepif.o
LOAD ./Middlewares/Third_Party/LwIP/src/netif/ppp/auth.o
LOAD ./Middlewares/Third_Party/LwIP/src/netif/ppp/ccp.o
LOAD ./Middlewares/Third_Party/LwIP/src/netif/ppp/chap-md5.o
LOAD ./Middlewares/Third_Party/LwIP/src/netif/ppp/chap-new.o
LOAD ./Middlewares/Third_Party/LwIP/src/netif/ppp/chap_ms.o
LOAD ./Middlewares/Third_Party/LwIP/src/netif/ppp/demand.o
LOAD ./Middlewares/Third_Party/LwIP/src/netif/ppp/eap.o
LOAD ./Middlewares/Third_Party/LwIP/src/netif/ppp/ecp.o
LOAD ./Middlewares/Third_Party/LwIP/src/netif/ppp/eui64.o
LOAD ./Middlewares/Third_Party/LwIP/src/netif/ppp/fsm.o
LOAD ./Middlewares/Third_Party/LwIP/src/netif/ppp/ipcp.o
LOAD ./Middlewares/Third_Party/LwIP/src/netif/ppp/ipv6cp.o
LOAD ./Middlewares/Third_Party/LwIP/src/netif/ppp/lcp.o
LOAD ./Middlewares/Third_Party/LwIP/src/netif/ppp/magic.o
LOAD ./Middlewares/Third_Party/LwIP/src/netif/ppp/mppe.o
LOAD ./Middlewares/Third_Party/LwIP/src/netif/ppp/multilink.o
LOAD ./Middlewares/Third_Party/LwIP/src/netif/ppp/ppp.o
LOAD ./Middlewares/Third_Party/LwIP/src/netif/ppp/pppapi.o
LOAD ./Middlewares/Third_Party/LwIP/src/netif/ppp/pppcrypt.o
LOAD ./Middlewares/Third_Party/LwIP/src/netif/ppp/pppoe.o
LOAD ./Middlewares/Third_Party/LwIP/src/netif/ppp/pppol2tp.o
LOAD ./Middlewares/Third_Party/LwIP/src/netif/ppp/pppos.o
LOAD ./Middlewares/Third_Party/LwIP/src/netif/ppp/upap.o
LOAD ./Middlewares/Third_Party/LwIP/src/netif/ppp/utils.o
LOAD ./Middlewares/Third_Party/LwIP/src/netif/ppp/vj.o
LOAD ./Middlewares/Third_Party/LwIP/system/OS/sys_arch.o
START GROUP
LOAD /opt/st/stm32cubeide_1.10.1/plugins/com.st.stm32cube.ide.mcu.externaltools.gnu-tools-for-stm32.10.3-2021.10.linux64_1.0.0.202111181127/tools/bin/../lib/gcc/arm-none-eabi/10.3.1/../../../../arm-none-eabi/lib/thumb/v7e-m+fp/hard/libc_nano.a
LOAD /opt/st/stm32cubeide_1.10.1/plugins/com.st.stm32cube.ide.mcu.externaltools.gnu-tools-for-stm32.10.3-2021.10.linux64_1.0.0.202111181127/tools/bin/../lib/gcc/arm-none-eabi/10.3.1/../../../../arm-none-eabi/lib/thumb/v7e-m+fp/hard/libm.a
END GROUP
START GROUP
LOAD /opt/st/stm32cubeide_1.10.1/plugins/com.st.stm32cube.ide.mcu.externaltools.gnu-tools-for-stm32.10.3-2021.10.linux64_1.0.0.202111181127/tools/bin/../lib/gcc/arm-none-eabi/10.3.1/thumb/v7e-m+fp/hard/libgcc.a
LOAD /opt/st/stm32cubeide_1.10.1/plugins/com.st.stm32cube.ide.mcu.externaltools.gnu-tools-for-stm32.10.3-2021.10.linux64_1.0.0.202111181127/tools/bin/../lib/gcc/arm-none-eabi/10.3.1/../../../../arm-none-eabi/lib/thumb/v7e-m+fp/hard/libc_nano.a
END GROUP
START GROUP
LOAD /opt/st/stm32cubeide_1.10.1/plugins/com.st.stm32cube.ide.mcu.externaltools.gnu-tools-for-stm32.10.3-2021.10.linux64_1.0.0.202111181127/tools/bin/../lib/gcc/arm-none-eabi/10.3.1/thumb/v7e-m+fp/hard/libgcc.a
LOAD /opt/st/stm32cubeide_1.10.1/plugins/com.st.stm32cube.ide.mcu.externaltools.gnu-tools-for-stm32.10.3-2021.10.linux64_1.0.0.202111181127/tools/bin/../lib/gcc/arm-none-eabi/10.3.1/../../../../arm-none-eabi/lib/thumb/v7e-m+fp/hard/libc_nano.a
LOAD /opt/st/stm32cubeide_1.10.1/plugins/com.st.stm32cube.ide.mcu.externaltools.gnu-tools-for-stm32.10.3-2021.10.linux64_1.0.0.202111181127/tools/bin/../lib/gcc/arm-none-eabi/10.3.1/../../../../arm-none-eabi/lib/thumb/v7e-m+fp/hard/libnosys.a
END GROUP
START GROUP
LOAD /opt/st/stm32cubeide_1.10.1/plugins/com.st.stm32cube.ide.mcu.externaltools.gnu-tools-for-stm32.10.3-2021.10.linux64_1.0.0.202111181127/tools/bin/../lib/gcc/arm-none-eabi/10.3.1/thumb/v7e-m+fp/hard/libgcc.a
LOAD /opt/st/stm32cubeide_1.10.1/plugins/com.st.stm32cube.ide.mcu.externaltools.gnu-tools-for-stm32.10.3-2021.10.linux64_1.0.0.202111181127/tools/bin/../lib/gcc/arm-none-eabi/10.3.1/../../../../arm-none-eabi/lib/thumb/v7e-m+fp/hard/libc_nano.a
LOAD /opt/st/stm32cubeide_1.10.1/plugins/com.st.stm32cube.ide.mcu.externaltools.gnu-tools-for-stm32.10.3-2021.10.linux64_1.0.0.202111181127/tools/bin/../lib/gcc/arm-none-eabi/10.3.1/../../../../arm-none-eabi/lib/thumb/v7e-m+fp/hard/libnosys.a
END GROUP
LOAD /opt/st/stm32cubeide_1.10.1/plugins/com.st.stm32cube.ide.mcu.externaltools.gnu-tools-for-stm32.10.3-2021.10.linux64_1.0.0.202111181127/tools/bin/../lib/gcc/arm-none-eabi/10.3.1/thumb/v7e-m+fp/hard/crtend.o
LOAD /opt/st/stm32cubeide_1.10.1/plugins/com.st.stm32cube.ide.mcu.externaltools.gnu-tools-for-stm32.10.3-2021.10.linux64_1.0.0.202111181127/tools/bin/../lib/gcc/arm-none-eabi/10.3.1/thumb/v7e-m+fp/hard/crtn.o
                0x0000000020050000                _estack = (ORIGIN (RAM) + LENGTH (RAM))
                0x0000000000000200                _Min_Heap_Size = 0x200
                0x0000000000000400                _Min_Stack_Size = 0x400

.isr_vector     0x0000000008000000      0x1c8
                0x0000000008000000                . = ALIGN (0x4)
 *(.isr_vector)
 .isr_vector    0x0000000008000000      0x1c8 ./Core/Startup/startup_stm32f746zgtx.o
                0x0000000008000000                g_pfnVectors
                0x00000000080001c8                . = ALIGN (0x4)

.text           0x00000000080001d0     0xd324
                0x00000000080001d0                . = ALIGN (0x4)
 *(.text)
 .text          0x00000000080001d0       0x40 /opt/st/stm32cubeide_1.10.1/plugins/com.st.stm32cube.ide.mcu.externaltools.gnu-tools-for-stm32.10.3-2021.10.linux64_1.0.0.202111181127/tools/bin/../lib/gcc/arm-none-eabi/10.3.1/thumb/v7e-m+fp/hard/crtbegin.o
 .text          0x0000000008000210       0xa0 /opt/st/stm32cubeide_1.10.1/plugins/com.st.stm32cube.ide.mcu.externaltools.gnu-tools-for-stm32.10.3-2021.10.linux64_1.0.0.202111181127/tools/bin/../lib/gcc/arm-none-eabi/10.3.1/../../../../arm-none-eabi/lib/thumb/v7e-m+fp/hard/libc_nano.a(lib_a-memchr.o)
                0x0000000008000210                memchr
 .text          0x00000000080002b0       0x30 /opt/st/stm32cubeide_1.10.1/plugins/com.st.stm32cube.ide.mcu.externaltools.gnu-tools-for-stm32.10.3-2021.10.linux64_1.0.0.202111181127/tools/bin/../lib/gcc/arm-none-eabi/10.3.1/thumb/v7e-m+fp/hard/libgcc.a(_aeabi_uldivmod.o)
                0x00000000080002b0                __aeabi_uldivmod
 .text          0x00000000080002e0      0x2d0 /opt/st/stm32cubeide_1.10.1/plugins/com.st.stm32cube.ide.mcu.externaltools.gnu-tools-for-stm32.10.3-2021.10.linux64_1.0.0.202111181127/tools/bin/../lib/gcc/arm-none-eabi/10.3.1/thumb/v7e-m+fp/hard/libgcc.a(_udivmoddi4.o)
                0x00000000080002e0                __udivmoddi4
 .text          0x00000000080005b0        0x4 /opt/st/stm32cubeide_1.10.1/plugins/com.st.stm32cube.ide.mcu.externaltools.gnu-tools-for-stm32.10.3-2021.10.linux64_1.0.0.202111181127/tools/bin/../lib/gcc/arm-none-eabi/10.3.1/thumb/v7e-m+fp/hard/libgcc.a(_dvmd_tls.o)
                0x00000000080005b0                __aeabi_ldiv0
                0x00000000080005b0                __aeabi_idiv0
 *(.text*)
 .text.start_motor_control
                0x00000000080005b4       0x28 ./Core/Src/main.o
                0x00000000080005b4                start_motor_control
 .text.start_tcp_thread
                0x00000000080005dc       0x16 ./Core/Src/main.o
                0x00000000080005dc                start_tcp_thread
 *fill*         0x00000000080005f2        0x2 
 .text.SystemClock_Config
                0x00000000080005f4       0xa8 ./Core/Src/main.o
                0x00000000080005f4                SystemClock_Config
 .text.startup.main
                0x000000000800069c       0xf8 ./Core/Src/main.o
                0x000000000800069c                main
 .text.netconn_init
                0x0000000008000794       0x34 ./Core/Src/main.o
                0x0000000008000794                netconn_init
 .text.start_conn_handler
                0x00000000080007c8       0x48 ./Core/Src/main.o
                0x00000000080007c8                start_conn_handler
 .text.HAL_TIM_PeriodElapsedCallback
                0x0000000008000810       0x14 ./Core/Src/main.o
                0x0000000008000810                HAL_TIM_PeriodElapsedCallback
 .text.Error_Handler
                0x0000000008000824        0x4 ./Core/Src/main.o
                0x0000000008000824                Error_Handler
 .text.HAL_MspInit
                0x0000000008000828       0x3c ./Core/Src/stm32f7xx_hal_msp.o
                0x0000000008000828                HAL_MspInit
 .text.HAL_InitTick
                0x0000000008000864       0x9c ./Core/Src/stm32f7xx_hal_timebase_tim.o
                0x0000000008000864                HAL_InitTick
 .text.NMI_Handler
                0x0000000008000900        0x2 ./Core/Src/stm32f7xx_it.o
                0x0000000008000900                NMI_Handler
 .text.HardFault_Handler
                0x0000000008000902        0x2 ./Core/Src/stm32f7xx_it.o
                0x0000000008000902                HardFault_Handler
 .text.MemManage_Handler
                0x0000000008000904        0x2 ./Core/Src/stm32f7xx_it.o
                0x0000000008000904                MemManage_Handler
 .text.BusFault_Handler
                0x0000000008000906        0x2 ./Core/Src/stm32f7xx_it.o
                0x0000000008000906                BusFault_Handler
 .text.UsageFault_Handler
                0x0000000008000908        0x2 ./Core/Src/stm32f7xx_it.o
                0x0000000008000908                UsageFault_Handler
 .text.DebugMon_Handler
                0x000000000800090a        0x2 ./Core/Src/stm32f7xx_it.o
                0x000000000800090a                DebugMon_Handler
 .text.TIM8_TRG_COM_TIM14_IRQHandler
                0x000000000800090c        0xc ./Core/Src/stm32f7xx_it.o
                0x000000000800090c                TIM8_TRG_COM_TIM14_IRQHandler
 .text.ETH_IRQHandler
                0x0000000008000918        0xc ./Core/Src/stm32f7xx_it.o
                0x0000000008000918                ETH_IRQHandler
 .text._getpid  0x0000000008000924        0x4 ./Core/Src/syscalls.o
                0x0000000008000924                _getpid
 .text._kill    0x0000000008000928       0x10 ./Core/Src/syscalls.o
                0x0000000008000928                _kill
 .text._exit    0x0000000008000938        0xc ./Core/Src/syscalls.o
                0x0000000008000938                _exit
 .text._read    0x0000000008000944       0x1c ./Core/Src/syscalls.o
                0x0000000008000944                _read
 .text._write   0x0000000008000960       0x1c ./Core/Src/syscalls.o
                0x0000000008000960                _write
 .text._close   0x000000000800097c        0x6 ./Core/Src/syscalls.o
                0x000000000800097c                _close
 .text._fstat   0x0000000008000982        0xa ./Core/Src/syscalls.o
                0x0000000008000982                _fstat
 .text._isatty  0x000000000800098c        0x4 ./Core/Src/syscalls.o
                0x000000000800098c                _isatty
 .text._lseek   0x0000000008000990        0x4 ./Core/Src/syscalls.o
                0x0000000008000990                _lseek
 .text._sbrk    0x0000000008000994       0x40 ./Core/Src/sysmem.o
                0x0000000008000994                _sbrk
 .text.SystemInit
                0x00000000080009d4       0x20 ./Core/Src/system_stm32f7xx.o
                0x00000000080009d4                SystemInit
 .text.Reset_Handler
                0x00000000080009f4       0x50 ./Core/Startup/startup_stm32f746zgtx.o
                0x00000000080009f4                Reset_Handler
 .text.Default_Handler
                0x0000000008000a44        0x2 ./Core/Startup/startup_stm32f746zgtx.o
                0x0000000008000a44                RTC_Alarm_IRQHandler
                0x0000000008000a44                EXTI2_IRQHandler
                0x0000000008000a44                TIM8_CC_IRQHandler
                0x0000000008000a44                UART8_IRQHandler
                0x0000000008000a44                SPI4_IRQHandler
                0x0000000008000a44                TIM1_CC_IRQHandler
                0x0000000008000a44                DMA2_Stream5_IRQHandler
                0x0000000008000a44                DMA1_Stream5_IRQHandler
                0x0000000008000a44                PVD_IRQHandler
                0x0000000008000a44                TAMP_STAMP_IRQHandler
                0x0000000008000a44                CAN2_RX1_IRQHandler
                0x0000000008000a44                EXTI3_IRQHandler
                0x0000000008000a44                TIM1_UP_TIM10_IRQHandler
                0x0000000008000a44                TIM8_UP_TIM13_IRQHandler
                0x0000000008000a44                I2C3_ER_IRQHandler
                0x0000000008000a44                EXTI0_IRQHandler
                0x0000000008000a44                I2C2_EV_IRQHandler
                0x0000000008000a44                DMA1_Stream2_IRQHandler
                0x0000000008000a44                CAN1_RX0_IRQHandler
                0x0000000008000a44                FPU_IRQHandler
                0x0000000008000a44                OTG_HS_WKUP_IRQHandler
                0x0000000008000a44                LTDC_ER_IRQHandler
                0x0000000008000a44                CAN2_SCE_IRQHandler
                0x0000000008000a44                DMA2_Stream2_IRQHandler
                0x0000000008000a44                SPI1_IRQHandler
                0x0000000008000a44                TIM6_DAC_IRQHandler
                0x0000000008000a44                TIM1_BRK_TIM9_IRQHandler
                0x0000000008000a44                DCMI_IRQHandler
                0x0000000008000a44                CAN2_RX0_IRQHandler
                0x0000000008000a44                DMA2_Stream3_IRQHandler
                0x0000000008000a44                SAI2_IRQHandler
                0x0000000008000a44                USART6_IRQHandler
                0x0000000008000a44                USART3_IRQHandler
                0x0000000008000a44                CAN1_RX1_IRQHandler
                0x0000000008000a44                UART5_IRQHandler
                0x0000000008000a44                DMA2_Stream0_IRQHandler
                0x0000000008000a44                TIM4_IRQHandler
                0x0000000008000a44                QUADSPI_IRQHandler
                0x0000000008000a44                I2C1_EV_IRQHandler
                0x0000000008000a44                DMA1_Stream6_IRQHandler
                0x0000000008000a44                DMA1_Stream1_IRQHandler
                0x0000000008000a44                UART4_IRQHandler
                0x0000000008000a44                TIM3_IRQHandler
                0x0000000008000a44                RCC_IRQHandler
                0x0000000008000a44                TIM8_BRK_TIM12_IRQHandler
                0x0000000008000a44                Default_Handler
                0x0000000008000a44                CEC_IRQHandler
                0x0000000008000a44                EXTI15_10_IRQHandler
                0x0000000008000a44                ADC_IRQHandler
                0x0000000008000a44                DMA1_Stream7_IRQHandler
                0x0000000008000a44                SPI5_IRQHandler
                0x0000000008000a44                TIM7_IRQHandler
                0x0000000008000a44                SDMMC1_IRQHandler
                0x0000000008000a44                CAN2_TX_IRQHandler
                0x0000000008000a44                TIM5_IRQHandler
                0x0000000008000a44                DMA2_Stream7_IRQHandler
                0x0000000008000a44                I2C3_EV_IRQHandler
                0x0000000008000a44                EXTI9_5_IRQHandler
                0x0000000008000a44                RTC_WKUP_IRQHandler
                0x0000000008000a44                LTDC_IRQHandler
                0x0000000008000a44                ETH_WKUP_IRQHandler
                0x0000000008000a44                SPDIF_RX_IRQHandler
                0x0000000008000a44                SPI2_IRQHandler
                0x0000000008000a44                OTG_HS_EP1_IN_IRQHandler
                0x0000000008000a44                DMA1_Stream0_IRQHandler
                0x0000000008000a44                CAN1_TX_IRQHandler
                0x0000000008000a44                EXTI4_IRQHandler
                0x0000000008000a44                RNG_IRQHandler
                0x0000000008000a44                OTG_HS_EP1_OUT_IRQHandler
                0x0000000008000a44                WWDG_IRQHandler
                0x0000000008000a44                SPI6_IRQHandler
                0x0000000008000a44                I2C4_EV_IRQHandler
                0x0000000008000a44                TIM2_IRQHandler
                0x0000000008000a44                OTG_FS_WKUP_IRQHandler
                0x0000000008000a44                TIM1_TRG_COM_TIM11_IRQHandler
                0x0000000008000a44                OTG_HS_IRQHandler
                0x0000000008000a44                DMA2D_IRQHandler
                0x0000000008000a44                EXTI1_IRQHandler
                0x0000000008000a44                UART7_IRQHandler
                0x0000000008000a44                USART2_IRQHandler
                0x0000000008000a44                I2C2_ER_IRQHandler
                0x0000000008000a44                DMA2_Stream1_IRQHandler
                0x0000000008000a44                CAN1_SCE_IRQHandler
                0x0000000008000a44                FLASH_IRQHandler
                0x0000000008000a44                DMA2_Stream4_IRQHandler
                0x0000000008000a44                USART1_IRQHandler
                0x0000000008000a44                OTG_FS_IRQHandler
                0x0000000008000a44                SPI3_IRQHandler
                0x0000000008000a44                DMA1_Stream4_IRQHandler
                0x0000000008000a44                I2C1_ER_IRQHandler
                0x0000000008000a44                FMC_IRQHandler
                0x0000000008000a44                LPTIM1_IRQHandler
                0x0000000008000a44                I2C4_ER_IRQHandler
                0x0000000008000a44                DMA2_Stream6_IRQHandler
                0x0000000008000a44                SAI1_IRQHandler
                0x0000000008000a44                DMA1_Stream3_IRQHandler
 .text.LAN8742_RegisterBusIO
                0x0000000008000a46       0x28 ./Drivers/BSP/Components/lan8742/lan8742.o
                0x0000000008000a46                LAN8742_RegisterBusIO
 .text.LAN8742_Init
                0x0000000008000a6e       0xc2 ./Drivers/BSP/Components/lan8742/lan8742.o
                0x0000000008000a6e                LAN8742_Init
 .text.LAN8742_GetLinkState
                0x0000000008000b30       0x94 ./Drivers/BSP/Components/lan8742/lan8742.o
                0x0000000008000b30                LAN8742_GetLinkState
 .text.HAL_Init
                0x0000000008000bc4       0x16 ./Drivers/STM32F7xx_HAL_Driver/Src/stm32f7xx_hal.o
                0x0000000008000bc4                HAL_Init
 *fill*         0x0000000008000bda        0x2 
 .text.HAL_IncTick
                0x0000000008000bdc       0x18 ./Drivers/STM32F7xx_HAL_Driver/Src/stm32f7xx_hal.o
                0x0000000008000bdc                HAL_IncTick
 .text.HAL_GetTick
                0x0000000008000bf4        0xc ./Drivers/STM32F7xx_HAL_Driver/Src/stm32f7xx_hal.o
                0x0000000008000bf4                HAL_GetTick
 .text.HAL_Delay
                0x0000000008000c00       0x24 ./Drivers/STM32F7xx_HAL_Driver/Src/stm32f7xx_hal.o
                0x0000000008000c00                HAL_Delay
 .text.HAL_NVIC_SetPriorityGrouping
                0x0000000008000c24       0x24 ./Drivers/STM32F7xx_HAL_Driver/Src/stm32f7xx_hal_cortex.o
                0x0000000008000c24                HAL_NVIC_SetPriorityGrouping
 .text.HAL_NVIC_SetPriority
                0x0000000008000c48       0x64 ./Drivers/STM32F7xx_HAL_Driver/Src/stm32f7xx_hal_cortex.o
                0x0000000008000c48                HAL_NVIC_SetPriority
 .text.HAL_NVIC_EnableIRQ
                0x0000000008000cac       0x1c ./Drivers/STM32F7xx_HAL_Driver/Src/stm32f7xx_hal_cortex.o
                0x0000000008000cac                HAL_NVIC_EnableIRQ
 .text.ETH_Prepare_Tx_Descriptors
                0x0000000008000cc8      0x154 ./Drivers/STM32F7xx_HAL_Driver/Src/stm32f7xx_hal_eth.o
 .text.ETH_SetMACConfig
                0x0000000008000e1c      0x108 ./Drivers/STM32F7xx_HAL_Driver/Src/stm32f7xx_hal_eth.o
 .text.ETH_SetDMAConfig
                0x0000000008000f24       0xac ./Drivers/STM32F7xx_HAL_Driver/Src/stm32f7xx_hal_eth.o
 .text.ETH_FlushTransmitFIFO
                0x0000000008000fd0       0x2e ./Drivers/STM32F7xx_HAL_Driver/Src/stm32f7xx_hal_eth.o
 *fill*         0x0000000008000ffe        0x2 
 .text.ETH_UpdateDescriptor
                0x0000000008001000       0x90 ./Drivers/STM32F7xx_HAL_Driver/Src/stm32f7xx_hal_eth.o
 .text.HAL_ETH_Init
                0x0000000008001090      0x1d4 ./Drivers/STM32F7xx_HAL_Driver/Src/stm32f7xx_hal_eth.o
                0x0000000008001090                HAL_ETH_Init
 .text.HAL_ETH_Start
                0x0000000008001264       0x6c ./Drivers/STM32F7xx_HAL_Driver/Src/stm32f7xx_hal_eth.o
                0x0000000008001264                HAL_ETH_Start
 .text.HAL_ETH_Start_IT
                0x00000000080012d0       0xa2 ./Drivers/STM32F7xx_HAL_Driver/Src/stm32f7xx_hal_eth.o
                0x00000000080012d0                HAL_ETH_Start_IT
 .text.HAL_ETH_Stop_IT
                0x0000000008001372       0x8a ./Drivers/STM32F7xx_HAL_Driver/Src/stm32f7xx_hal_eth.o
                0x0000000008001372                HAL_ETH_Stop_IT
 .text.HAL_ETH_Transmit_IT
                0x00000000080013fc       0x64 ./Drivers/STM32F7xx_HAL_Driver/Src/stm32f7xx_hal_eth.o
                0x00000000080013fc                HAL_ETH_Transmit_IT
 .text.HAL_ETH_ReadData
                0x0000000008001460       0xfa ./Drivers/STM32F7xx_HAL_Driver/Src/stm32f7xx_hal_eth.o
                0x0000000008001460                HAL_ETH_ReadData
 .text.HAL_ETH_ReleaseTxPacket
                0x000000000800155a       0x56 ./Drivers/STM32F7xx_HAL_Driver/Src/stm32f7xx_hal_eth.o
                0x000000000800155a                HAL_ETH_ReleaseTxPacket
 .text.HAL_ETH_PMTCallback
                0x00000000080015b0        0x2 ./Drivers/STM32F7xx_HAL_Driver/Src/stm32f7xx_hal_eth.o
                0x00000000080015b0                HAL_ETH_PMTCallback
 .text.HAL_ETH_WakeUpCallback
                0x00000000080015b2        0x2 ./Drivers/STM32F7xx_HAL_Driver/Src/stm32f7xx_hal_eth.o
                0x00000000080015b2                HAL_ETH_WakeUpCallback
 .text.HAL_ETH_IRQHandler
                0x00000000080015b4       0xd8 ./Drivers/STM32F7xx_HAL_Driver/Src/stm32f7xx_hal_eth.o
                0x00000000080015b4                HAL_ETH_IRQHandler
 .text.HAL_ETH_ReadPHYRegister
                0x000000000800168c       0x50 ./Drivers/STM32F7xx_HAL_Driver/Src/stm32f7xx_hal_eth.o
                0x000000000800168c                HAL_ETH_ReadPHYRegister
 .text.HAL_ETH_WritePHYRegister
                0x00000000080016dc       0x4a ./Drivers/STM32F7xx_HAL_Driver/Src/stm32f7xx_hal_eth.o
                0x00000000080016dc                HAL_ETH_WritePHYRegister
 .text.HAL_ETH_GetMACConfig
                0x0000000008001726       0xc4 ./Drivers/STM32F7xx_HAL_Driver/Src/stm32f7xx_hal_eth.o
                0x0000000008001726                HAL_ETH_GetMACConfig
 .text.HAL_ETH_SetMACConfig
                0x00000000080017ea       0x18 ./Drivers/STM32F7xx_HAL_Driver/Src/stm32f7xx_hal_eth.o
                0x00000000080017ea                HAL_ETH_SetMACConfig
 *fill*         0x0000000008001802        0x2 
 .text.HAL_ETH_SetMDIOClockRange
                0x0000000008001804       0x74 ./Drivers/STM32F7xx_HAL_Driver/Src/stm32f7xx_hal_eth.o
                0x0000000008001804                HAL_ETH_SetMDIOClockRange
 .text.HAL_ETH_GetDMAError
                0x0000000008001878        0x6 ./Drivers/STM32F7xx_HAL_Driver/Src/stm32f7xx_hal_eth.o
                0x0000000008001878                HAL_ETH_GetDMAError
 *fill*         0x000000000800187e        0x2 
 .text.HAL_GPIO_Init
                0x0000000008001880      0x1c8 ./Drivers/STM32F7xx_HAL_Driver/Src/stm32f7xx_hal_gpio.o
                0x0000000008001880                HAL_GPIO_Init
 .text.HAL_GPIO_WritePin
                0x0000000008001a48        0xa ./Drivers/STM32F7xx_HAL_Driver/Src/stm32f7xx_hal_gpio.o
                0x0000000008001a48                HAL_GPIO_WritePin
 .text.HAL_GPIO_TogglePin
                0x0000000008001a52       0x12 ./Drivers/STM32F7xx_HAL_Driver/Src/stm32f7xx_hal_gpio.o
                0x0000000008001a52                HAL_GPIO_TogglePin
 .text.HAL_PWREx_EnableOverDrive
                0x0000000008001a64       0x70 ./Drivers/STM32F7xx_HAL_Driver/Src/stm32f7xx_hal_pwr_ex.o
                0x0000000008001a64                HAL_PWREx_EnableOverDrive
 .text.HAL_RCC_OscConfig
                0x0000000008001ad4      0x37c ./Drivers/STM32F7xx_HAL_Driver/Src/stm32f7xx_hal_rcc.o
                0x0000000008001ad4                HAL_RCC_OscConfig
 .text.HAL_RCC_GetSysClockFreq
                0x0000000008001e50       0x5c ./Drivers/STM32F7xx_HAL_Driver/Src/stm32f7xx_hal_rcc.o
                0x0000000008001e50                HAL_RCC_GetSysClockFreq
 .text.HAL_RCC_ClockConfig
                0x0000000008001eac      0x140 ./Drivers/STM32F7xx_HAL_Driver/Src/stm32f7xx_hal_rcc.o
                0x0000000008001eac                HAL_RCC_ClockConfig
 .text.HAL_RCC_GetHCLKFreq
                0x0000000008001fec        0xc ./Drivers/STM32F7xx_HAL_Driver/Src/stm32f7xx_hal_rcc.o
                0x0000000008001fec                HAL_RCC_GetHCLKFreq
 .text.HAL_RCC_GetPCLK1Freq
                0x0000000008001ff8       0x20 ./Drivers/STM32F7xx_HAL_Driver/Src/stm32f7xx_hal_rcc.o
                0x0000000008001ff8                HAL_RCC_GetPCLK1Freq
 .text.HAL_RCC_GetClockConfig
                0x0000000008002018       0x3c ./Drivers/STM32F7xx_HAL_Driver/Src/stm32f7xx_hal_rcc.o
                0x0000000008002018                HAL_RCC_GetClockConfig
 .text.HAL_TIM_Base_MspInit
                0x0000000008002054        0x2 ./Drivers/STM32F7xx_HAL_Driver/Src/stm32f7xx_hal_tim.o
                0x0000000008002054                HAL_TIM_Base_MspInit
 *fill*         0x0000000008002056        0x2 
 .text.HAL_TIM_Base_Start_IT
                0x0000000008002058       0x7c ./Drivers/STM32F7xx_HAL_Driver/Src/stm32f7xx_hal_tim.o
                0x0000000008002058                HAL_TIM_Base_Start_IT
 .text.HAL_TIM_OC_DelayElapsedCallback
                0x00000000080020d4        0x2 ./Drivers/STM32F7xx_HAL_Driver/Src/stm32f7xx_hal_tim.o
                0x00000000080020d4                HAL_TIM_OC_DelayElapsedCallback
 .text.HAL_TIM_IC_CaptureCallback
                0x00000000080020d6        0x2 ./Drivers/STM32F7xx_HAL_Driver/Src/stm32f7xx_hal_tim.o
                0x00000000080020d6                HAL_TIM_IC_CaptureCallback
 .text.HAL_TIM_PWM_PulseFinishedCallback
                0x00000000080020d8        0x2 ./Drivers/STM32F7xx_HAL_Driver/Src/stm32f7xx_hal_tim.o
                0x00000000080020d8                HAL_TIM_PWM_PulseFinishedCallback
 .text.HAL_TIM_TriggerCallback
                0x00000000080020da        0x2 ./Drivers/STM32F7xx_HAL_Driver/Src/stm32f7xx_hal_tim.o
                0x00000000080020da                HAL_TIM_TriggerCallback
 .text.HAL_TIM_IRQHandler
                0x00000000080020dc      0x160 ./Drivers/STM32F7xx_HAL_Driver/Src/stm32f7xx_hal_tim.o
                0x00000000080020dc                HAL_TIM_IRQHandler
 .text.TIM_Base_SetConfig
                0x000000000800223c       0xcc ./Drivers/STM32F7xx_HAL_Driver/Src/stm32f7xx_hal_tim.o
                0x000000000800223c                TIM_Base_SetConfig
 .text.HAL_TIM_Base_Init
                0x0000000008002308       0x60 ./Drivers/STM32F7xx_HAL_Driver/Src/stm32f7xx_hal_tim.o
                0x0000000008002308                HAL_TIM_Base_Init
 .text.HAL_TIMEx_CommutCallback
                0x0000000008002368        0x2 ./Drivers/STM32F7xx_HAL_Driver/Src/stm32f7xx_hal_tim_ex.o
                0x0000000008002368                HAL_TIMEx_CommutCallback
 .text.HAL_TIMEx_BreakCallback
                0x000000000800236a        0x2 ./Drivers/STM32F7xx_HAL_Driver/Src/stm32f7xx_hal_tim_ex.o
                0x000000000800236a                HAL_TIMEx_BreakCallback
 .text.HAL_TIMEx_Break2Callback
                0x000000000800236c        0x2 ./Drivers/STM32F7xx_HAL_Driver/Src/stm32f7xx_hal_tim_ex.o
                0x000000000800236c                HAL_TIMEx_Break2Callback
 .text.ethernet_link_status_updated
                0x000000000800236e        0x2 ./LWIP/App/lwip.o
 .text.get_static_netif
                0x0000000008002370        0x8 ./LWIP/App/lwip.o
                0x0000000008002370                get_static_netif
 .text.MX_LWIP_Init
                0x0000000008002378       0xdc ./LWIP/App/lwip.o
                0x0000000008002378                MX_LWIP_Init
 .text.ETH_PHY_IO_DeInit
                0x0000000008002454        0x4 ./LWIP/Target/ethernetif.o
                0x0000000008002454                ETH_PHY_IO_DeInit
 .text.low_level_output
                0x0000000008002458       0x80 ./LWIP/Target/ethernetif.o
 .text.ETH_PHY_IO_GetTick
                0x00000000080024d8        0x4 ./LWIP/Target/ethernetif.o
                0x00000000080024d8                ETH_PHY_IO_GetTick
 .text.ETH_PHY_IO_Init
                0x00000000080024dc       0x10 ./LWIP/Target/ethernetif.o
                0x00000000080024dc                ETH_PHY_IO_Init
 .text.ETH_PHY_IO_ReadReg
                0x00000000080024ec       0x1c ./LWIP/Target/ethernetif.o
                0x00000000080024ec                ETH_PHY_IO_ReadReg
 .text.ETH_PHY_IO_WriteReg
                0x0000000008002508       0x1c ./LWIP/Target/ethernetif.o
                0x0000000008002508                ETH_PHY_IO_WriteReg
 .text.pbuf_free_custom
                0x0000000008002524       0x30 ./LWIP/Target/ethernetif.o
                0x0000000008002524                pbuf_free_custom
 .text.ethernetif_input
                0x0000000008002554       0x58 ./LWIP/Target/ethernetif.o
                0x0000000008002554                ethernetif_input
 .text.HAL_ETH_RxCpltCallback
                0x00000000080025ac        0xc ./LWIP/Target/ethernetif.o
                0x00000000080025ac                HAL_ETH_RxCpltCallback
 .text.HAL_ETH_TxCpltCallback
                0x00000000080025b8        0xc ./LWIP/Target/ethernetif.o
                0x00000000080025b8                HAL_ETH_TxCpltCallback
 .text.HAL_ETH_ErrorCallback
                0x00000000080025c4       0x1c ./LWIP/Target/ethernetif.o
                0x00000000080025c4                HAL_ETH_ErrorCallback
 .text.ethernetif_init
                0x00000000080025e0      0x1d8 ./LWIP/Target/ethernetif.o
                0x00000000080025e0                ethernetif_init
 .text.sys_now  0x00000000080027b8        0x4 ./LWIP/Target/ethernetif.o
                0x00000000080027b8                sys_now
 .text.HAL_ETH_MspInit
                0x00000000080027bc      0x11c ./LWIP/Target/ethernetif.o
                0x00000000080027bc                HAL_ETH_MspInit
 .text.ethernet_link_thread
                0x00000000080028d8       0xa8 ./LWIP/Target/ethernetif.o
                0x00000000080028d8                ethernet_link_thread
 .text.HAL_ETH_RxAllocateCallback
                0x0000000008002980       0x44 ./LWIP/Target/ethernetif.o
                0x0000000008002980                HAL_ETH_RxAllocateCallback
 .text.HAL_ETH_RxLinkCallback
                0x00000000080029c4       0x54 ./LWIP/Target/ethernetif.o
                0x00000000080029c4                HAL_ETH_RxLinkCallback
 .text.HAL_ETH_TxFreeCallback
                0x0000000008002a18        0x4 ./LWIP/Target/ethernetif.o
                0x0000000008002a18                HAL_ETH_TxFreeCallback
 .text.osKernelInitialize
                0x0000000008002a1c       0x34 ./Middlewares/Third_Party/FreeRTOS/Source/CMSIS_RTOS_V2/cmsis_os2.o
                0x0000000008002a1c                osKernelInitialize
 .text.osKernelStart
                0x0000000008002a50       0x40 ./Middlewares/Third_Party/FreeRTOS/Source/CMSIS_RTOS_V2/cmsis_os2.o
                0x0000000008002a50                osKernelStart
 .text.osKernelGetTickCount
                0x0000000008002a90       0x28 ./Middlewares/Third_Party/FreeRTOS/Source/CMSIS_RTOS_V2/cmsis_os2.o
                0x0000000008002a90                osKernelGetTickCount
 .text.osThreadNew
                0x0000000008002ab8       0xac ./Middlewares/Third_Party/FreeRTOS/Source/CMSIS_RTOS_V2/cmsis_os2.o
                0x0000000008002ab8                osThreadNew
 .text.osDelay  0x0000000008002b64       0x34 ./Middlewares/Third_Party/FreeRTOS/Source/CMSIS_RTOS_V2/cmsis_os2.o
                0x0000000008002b64                osDelay
 .text.osMutexNew
                0x0000000008002b98       0x84 ./Middlewares/Third_Party/FreeRTOS/Source/CMSIS_RTOS_V2/cmsis_os2.o
                0x0000000008002b98                osMutexNew
 .text.osMutexAcquire
                0x0000000008002c1c       0x60 ./Middlewares/Third_Party/FreeRTOS/Source/CMSIS_RTOS_V2/cmsis_os2.o
                0x0000000008002c1c                osMutexAcquire
 .text.osMutexRelease
                0x0000000008002c7c       0x54 ./Middlewares/Third_Party/FreeRTOS/Source/CMSIS_RTOS_V2/cmsis_os2.o
                0x0000000008002c7c                osMutexRelease
 .text.osSemaphoreNew
                0x0000000008002cd0       0xac ./Middlewares/Third_Party/FreeRTOS/Source/CMSIS_RTOS_V2/cmsis_os2.o
                0x0000000008002cd0                osSemaphoreNew
 .text.osSemaphoreAcquire
                0x0000000008002d7c       0x74 ./Middlewares/Third_Party/FreeRTOS/Source/CMSIS_RTOS_V2/cmsis_os2.o
                0x0000000008002d7c                osSemaphoreAcquire
 .text.osSemaphoreRelease
                0x0000000008002df0       0x6c ./Middlewares/Third_Party/FreeRTOS/Source/CMSIS_RTOS_V2/cmsis_os2.o
                0x0000000008002df0                osSemaphoreRelease
 .text.osSemaphoreGetCount
                0x0000000008002e5c       0x30 ./Middlewares/Third_Party/FreeRTOS/Source/CMSIS_RTOS_V2/cmsis_os2.o
                0x0000000008002e5c                osSemaphoreGetCount
 .text.osSemaphoreDelete
                0x0000000008002e8c       0x44 ./Middlewares/Third_Party/FreeRTOS/Source/CMSIS_RTOS_V2/cmsis_os2.o
                0x0000000008002e8c                osSemaphoreDelete
 .text.osMessageQueueNew
                0x0000000008002ed0       0x8c ./Middlewares/Third_Party/FreeRTOS/Source/CMSIS_RTOS_V2/cmsis_os2.o
                0x0000000008002ed0                osMessageQueueNew
 .text.osMessageQueuePut
                0x0000000008002f5c       0x84 ./Middlewares/Third_Party/FreeRTOS/Source/CMSIS_RTOS_V2/cmsis_os2.o
                0x0000000008002f5c                osMessageQueuePut
 .text.osMessageQueueGet
                0x0000000008002fe0       0x80 ./Middlewares/Third_Party/FreeRTOS/Source/CMSIS_RTOS_V2/cmsis_os2.o
                0x0000000008002fe0                osMessageQueueGet
 .text.osMessageQueueGetCount
                0x0000000008003060        0x4 ./Middlewares/Third_Party/FreeRTOS/Source/CMSIS_RTOS_V2/cmsis_os2.o
                0x0000000008003060                osMessageQueueGetCount
 .text.osMessageQueueDelete
                0x0000000008003064        0x4 ./Middlewares/Third_Party/FreeRTOS/Source/CMSIS_RTOS_V2/cmsis_os2.o
                0x0000000008003064                osMessageQueueDelete
 .text.vApplicationGetIdleTaskMemory
                0x0000000008003068       0x18 ./Middlewares/Third_Party/FreeRTOS/Source/CMSIS_RTOS_V2/cmsis_os2.o
                0x0000000008003068                vApplicationGetIdleTaskMemory
 .text.vApplicationGetTimerTaskMemory
                0x0000000008003080       0x18 ./Middlewares/Third_Party/FreeRTOS/Source/CMSIS_RTOS_V2/cmsis_os2.o
                0x0000000008003080                vApplicationGetTimerTaskMemory
 .text.vListInitialise
                0x0000000008003098       0x16 ./Middlewares/Third_Party/FreeRTOS/Source/list.o
                0x0000000008003098                vListInitialise
 .text.vListInitialiseItem
                0x00000000080030ae        0x6 ./Middlewares/Third_Party/FreeRTOS/Source/list.o
                0x00000000080030ae                vListInitialiseItem
 .text.vListInsertEnd
                0x00000000080030b4       0x18 ./Middlewares/Third_Party/FreeRTOS/Source/list.o
                0x00000000080030b4                vListInsertEnd
 .text.vListInsert
                0x00000000080030cc       0x2e ./Middlewares/Third_Party/FreeRTOS/Source/list.o
                0x00000000080030cc                vListInsert
 .text.uxListRemove
                0x00000000080030fa       0x20 ./Middlewares/Third_Party/FreeRTOS/Source/list.o
                0x00000000080030fa                uxListRemove
 .text.prvIsQueueEmpty
                0x000000000800311a       0x16 ./Middlewares/Third_Party/FreeRTOS/Source/queue.o
 .text.prvCopyDataToQueue
                0x0000000008003130       0x6a ./Middlewares/Third_Party/FreeRTOS/Source/queue.o
 .text.prvCopyDataFromQueue
                0x000000000800319a       0x2a ./Middlewares/Third_Party/FreeRTOS/Source/queue.o
 .text.prvUnlockQueue
                0x00000000080031c4       0x70 ./Middlewares/Third_Party/FreeRTOS/Source/queue.o
 .text.xQueueGenericReset
                0x0000000008003234       0x82 ./Middlewares/Third_Party/FreeRTOS/Source/queue.o
                0x0000000008003234                xQueueGenericReset
 .text.xQueueGenericCreateStatic.part.0
                0x00000000080032b6       0x98 ./Middlewares/Third_Party/FreeRTOS/Source/queue.o
 .text.xQueueGenericCreateStatic
                0x000000000800334e       0x28 ./Middlewares/Third_Party/FreeRTOS/Source/queue.o
                0x000000000800334e                xQueueGenericCreateStatic
 .text.xQueueGenericCreate
                0x0000000008003376       0x52 ./Middlewares/Third_Party/FreeRTOS/Source/queue.o
                0x0000000008003376                xQueueGenericCreate
 .text.xQueueCreateCountingSemaphoreStatic
                0x00000000080033c8       0x4c ./Middlewares/Third_Party/FreeRTOS/Source/queue.o
                0x00000000080033c8                xQueueCreateCountingSemaphoreStatic
 .text.xQueueCreateCountingSemaphore
                0x0000000008003414       0x44 ./Middlewares/Third_Party/FreeRTOS/Source/queue.o
                0x0000000008003414                xQueueCreateCountingSemaphore
 .text.xQueueGenericSend
                0x0000000008003458      0x176 ./Middlewares/Third_Party/FreeRTOS/Source/queue.o
                0x0000000008003458                xQueueGenericSend
 .text.xQueueCreateMutexStatic
                0x00000000080035ce       0x2a ./Middlewares/Third_Party/FreeRTOS/Source/queue.o
                0x00000000080035ce                xQueueCreateMutexStatic
 .text.xQueueGiveMutexRecursive
                0x00000000080035f8       0x40 ./Middlewares/Third_Party/FreeRTOS/Source/queue.o
                0x00000000080035f8                xQueueGiveMutexRecursive
 .text.xQueueCreateMutex
                0x0000000008003638       0x3a ./Middlewares/Third_Party/FreeRTOS/Source/queue.o
                0x0000000008003638                xQueueCreateMutex
 .text.xQueueGenericSendFromISR
                0x0000000008003672       0xd2 ./Middlewares/Third_Party/FreeRTOS/Source/queue.o
                0x0000000008003672                xQueueGenericSendFromISR
 .text.xQueueGiveFromISR
                0x0000000008003744       0xb8 ./Middlewares/Third_Party/FreeRTOS/Source/queue.o
                0x0000000008003744                xQueueGiveFromISR
 .text.xQueueReceive
                0x00000000080037fc      0x14a ./Middlewares/Third_Party/FreeRTOS/Source/queue.o
                0x00000000080037fc                xQueueReceive
 .text.xQueueSemaphoreTake
                0x0000000008003946      0x196 ./Middlewares/Third_Party/FreeRTOS/Source/queue.o
                0x0000000008003946                xQueueSemaphoreTake
 .text.xQueueTakeMutexRecursive
                0x0000000008003adc       0x48 ./Middlewares/Third_Party/FreeRTOS/Source/queue.o
                0x0000000008003adc                xQueueTakeMutexRecursive
 .text.xQueueReceiveFromISR
                0x0000000008003b24       0xaa ./Middlewares/Third_Party/FreeRTOS/Source/queue.o
                0x0000000008003b24                xQueueReceiveFromISR
 .text.uxQueueMessagesWaiting
                0x0000000008003bce       0x2e ./Middlewares/Third_Party/FreeRTOS/Source/queue.o
                0x0000000008003bce                uxQueueMessagesWaiting
 .text.uxQueueMessagesWaitingFromISR
                0x0000000008003bfc       0x1c ./Middlewares/Third_Party/FreeRTOS/Source/queue.o
                0x0000000008003bfc                uxQueueMessagesWaitingFromISR
 .text.vQueueAddToRegistry
                0x0000000008003c18       0x24 ./Middlewares/Third_Party/FreeRTOS/Source/queue.o
                0x0000000008003c18                vQueueAddToRegistry
 .text.vQueueUnregisterQueue
                0x0000000008003c3c       0x28 ./Middlewares/Third_Party/FreeRTOS/Source/queue.o
                0x0000000008003c3c                vQueueUnregisterQueue
 .text.vQueueDelete
                0x0000000008003c64       0x32 ./Middlewares/Third_Party/FreeRTOS/Source/queue.o
                0x0000000008003c64                vQueueDelete
 .text.vQueueWaitForMessageRestricted
                0x0000000008003c96       0x46 ./Middlewares/Third_Party/FreeRTOS/Source/queue.o
                0x0000000008003c96                vQueueWaitForMessageRestricted
 .text.prvAddNewTaskToReadyList
                0x0000000008003cdc       0xfc ./Middlewares/Third_Party/FreeRTOS/Source/tasks.o
 .text.prvAddCurrentTaskToDelayedList
                0x0000000008003dd8       0x70 ./Middlewares/Third_Party/FreeRTOS/Source/tasks.o
 .text.prvResetNextTaskUnblockTime
                0x0000000008003e48       0x24 ./Middlewares/Third_Party/FreeRTOS/Source/tasks.o
 .text.prvDeleteTCB
                0x0000000008003e6c       0x40 ./Middlewares/Third_Party/FreeRTOS/Source/tasks.o
 .text.prvIdleTask
                0x0000000008003eac       0x60 ./Middlewares/Third_Party/FreeRTOS/Source/tasks.o
 .text.prvInitialiseNewTask.constprop.0
                0x0000000008003f0c       0xc0 ./Middlewares/Third_Party/FreeRTOS/Source/tasks.o
 .text.xTaskCreateStatic
                0x0000000008003fcc       0x7c ./Middlewares/Third_Party/FreeRTOS/Source/tasks.o
                0x0000000008003fcc                xTaskCreateStatic
 .text.xTaskCreate
                0x0000000008004048       0x5a ./Middlewares/Third_Party/FreeRTOS/Source/tasks.o
                0x0000000008004048                xTaskCreate
 *fill*         0x00000000080040a2        0x2 
 .text.vTaskStartScheduler
                0x00000000080040a4       0xa8 ./Middlewares/Third_Party/FreeRTOS/Source/tasks.o
                0x00000000080040a4                vTaskStartScheduler
 .text.vTaskSuspendAll
                0x000000000800414c       0x10 ./Middlewares/Third_Party/FreeRTOS/Source/tasks.o
                0x000000000800414c                vTaskSuspendAll
 .text.xTaskGetTickCount
                0x000000000800415c        0xc ./Middlewares/Third_Party/FreeRTOS/Source/tasks.o
                0x000000000800415c                xTaskGetTickCount
 .text.xTaskGetTickCountFromISR
                0x0000000008004168       0x10 ./Middlewares/Third_Party/FreeRTOS/Source/tasks.o
                0x0000000008004168                xTaskGetTickCountFromISR
 .text.xTaskIncrementTick
                0x0000000008004178      0x130 ./Middlewares/Third_Party/FreeRTOS/Source/tasks.o
                0x0000000008004178                xTaskIncrementTick
 .text.xTaskResumeAll
                0x00000000080042a8       0xec ./Middlewares/Third_Party/FreeRTOS/Source/tasks.o
                0x00000000080042a8                xTaskResumeAll
 .text.vTaskDelay
                0x0000000008004394       0x4c ./Middlewares/Third_Party/FreeRTOS/Source/tasks.o
                0x0000000008004394                vTaskDelay
 .text.vTaskSwitchContext
                0x00000000080043e0       0x84 ./Middlewares/Third_Party/FreeRTOS/Source/tasks.o
                0x00000000080043e0                vTaskSwitchContext
 .text.vTaskPlaceOnEventList
                0x0000000008004464       0x38 ./Middlewares/Third_Party/FreeRTOS/Source/tasks.o
                0x0000000008004464                vTaskPlaceOnEventList
 .text.vTaskPlaceOnEventListRestricted
                0x000000000800449c       0x40 ./Middlewares/Third_Party/FreeRTOS/Source/tasks.o
                0x000000000800449c                vTaskPlaceOnEventListRestricted
 .text.xTaskRemoveFromEventList
                0x00000000080044dc       0x8c ./Middlewares/Third_Party/FreeRTOS/Source/tasks.o
                0x00000000080044dc                xTaskRemoveFromEventList
 .text.vTaskInternalSetTimeOutState
                0x0000000008004568       0x18 ./Middlewares/Third_Party/FreeRTOS/Source/tasks.o
                0x0000000008004568                vTaskInternalSetTimeOutState
 .text.xTaskCheckForTimeOut
                0x0000000008004580       0x80 ./Middlewares/Third_Party/FreeRTOS/Source/tasks.o
                0x0000000008004580                xTaskCheckForTimeOut
 .text.vTaskMissedYield
                0x0000000008004600        0xc ./Middlewares/Third_Party/FreeRTOS/Source/tasks.o
                0x0000000008004600                vTaskMissedYield
 .text.xTaskGetCurrentTaskHandle
                0x000000000800460c        0xc ./Middlewares/Third_Party/FreeRTOS/Source/tasks.o
                0x000000000800460c                xTaskGetCurrentTaskHandle
 .text.xTaskGetSchedulerState
                0x0000000008004618       0x20 ./Middlewares/Third_Party/FreeRTOS/Source/tasks.o
                0x0000000008004618                xTaskGetSchedulerState
 .text.xTaskPriorityInherit
                0x0000000008004638       0x80 ./Middlewares/Third_Party/FreeRTOS/Source/tasks.o
                0x0000000008004638                xTaskPriorityInherit
 .text.xTaskPriorityDisinherit
                0x00000000080046b8       0x90 ./Middlewares/Third_Party/FreeRTOS/Source/tasks.o
                0x00000000080046b8                xTaskPriorityDisinherit
 .text.vTaskPriorityDisinheritAfterTimeout
                0x0000000008004748       0xac ./Middlewares/Third_Party/FreeRTOS/Source/tasks.o
                0x0000000008004748                vTaskPriorityDisinheritAfterTimeout
 .text.pvTaskIncrementMutexHeldCount
                0x00000000080047f4       0x18 ./Middlewares/Third_Party/FreeRTOS/Source/tasks.o
                0x00000000080047f4                pvTaskIncrementMutexHeldCount
 .text.prvCheckForValidListAndQueue
                0x000000000800480c       0x68 ./Middlewares/Third_Party/FreeRTOS/Source/timers.o
 .text.prvInsertTimerInActiveList
                0x0000000008004874       0x3c ./Middlewares/Third_Party/FreeRTOS/Source/timers.o
 .text.xTimerCreateTimerTask
                0x00000000080048b0       0x68 ./Middlewares/Third_Party/FreeRTOS/Source/timers.o
                0x00000000080048b0                xTimerCreateTimerTask
 .text.xTimerGenericCommand
                0x0000000008004918       0x58 ./Middlewares/Third_Party/FreeRTOS/Source/timers.o
                0x0000000008004918                xTimerGenericCommand
 .text.prvSampleTimeNow
                0x0000000008004970       0xb0 ./Middlewares/Third_Party/FreeRTOS/Source/timers.o
 .text.prvTimerTask
                0x0000000008004a20      0x1d8 ./Middlewares/Third_Party/FreeRTOS/Source/timers.o
 .text.prvPortStartFirstTask
                0x0000000008004bf8       0x28 ./Middlewares/Third_Party/FreeRTOS/Source/portable/GCC/ARM_CM7/r0p1/port.o
 .text.vPortEnableVFP
                0x0000000008004c20       0x14 ./Middlewares/Third_Party/FreeRTOS/Source/portable/GCC/ARM_CM7/r0p1/port.o
 .text.prvTaskExitError
                0x0000000008004c34       0x48 ./Middlewares/Third_Party/FreeRTOS/Source/portable/GCC/ARM_CM7/r0p1/port.o
 .text.pxPortInitialiseStack
                0x0000000008004c7c       0x24 ./Middlewares/Third_Party/FreeRTOS/Source/portable/GCC/ARM_CM7/r0p1/port.o
                0x0000000008004c7c                pxPortInitialiseStack
 .text.SVC_Handler
                0x0000000008004ca0       0x24 ./Middlewares/Third_Party/FreeRTOS/Source/portable/GCC/ARM_CM7/r0p1/port.o
                0x0000000008004ca0                SVC_Handler
 .text.vPortEnterCritical
                0x0000000008004cc4       0x48 ./Middlewares/Third_Party/FreeRTOS/Source/portable/GCC/ARM_CM7/r0p1/port.o
                0x0000000008004cc4                vPortEnterCritical
 .text.vPortExitCritical
                0x0000000008004d0c       0x2c ./Middlewares/Third_Party/FreeRTOS/Source/portable/GCC/ARM_CM7/r0p1/port.o
                0x0000000008004d0c                vPortExitCritical
 *fill*         0x0000000008004d38        0x8 
 .text.PendSV_Handler
                0x0000000008004d40       0x64 ./Middlewares/Third_Party/FreeRTOS/Source/portable/GCC/ARM_CM7/r0p1/port.o
                0x0000000008004d40                PendSV_Handler
 .text.SysTick_Handler
                0x0000000008004da4       0x30 ./Middlewares/Third_Party/FreeRTOS/Source/portable/GCC/ARM_CM7/r0p1/port.o
                0x0000000008004da4                SysTick_Handler
 .text.vPortSetupTimerInterrupt
                0x0000000008004dd4       0x24 ./Middlewares/Third_Party/FreeRTOS/Source/portable/GCC/ARM_CM7/r0p1/port.o
                0x0000000008004dd4                vPortSetupTimerInterrupt
 .text.xPortStartScheduler
                0x0000000008004df8       0xcc ./Middlewares/Third_Party/FreeRTOS/Source/portable/GCC/ARM_CM7/r0p1/port.o
                0x0000000008004df8                xPortStartScheduler
 .text.vPortValidateInterruptPriority
                0x0000000008004ec4       0x64 ./Middlewares/Third_Party/FreeRTOS/Source/portable/GCC/ARM_CM7/r0p1/port.o
                0x0000000008004ec4                vPortValidateInterruptPriority
 .text.prvInsertBlockIntoFreeList
                0x0000000008004f28       0x48 ./Middlewares/Third_Party/FreeRTOS/Source/portable/MemMang/heap_4.o
 .text.pvPortMalloc
                0x0000000008004f70      0x128 ./Middlewares/Third_Party/FreeRTOS/Source/portable/MemMang/heap_4.o
                0x0000000008004f70                pvPortMalloc
 .text.vPortFree
                0x0000000008005098       0x78 ./Middlewares/Third_Party/FreeRTOS/Source/portable/MemMang/heap_4.o
                0x0000000008005098                vPortFree
 .text.netconn_apimsg
                0x0000000008005110       0x14 ./Middlewares/Third_Party/LwIP/src/api/api_lib.o
 .text.netconn_new_with_proto_and_callback
                0x0000000008005124       0xb4 ./Middlewares/Third_Party/LwIP/src/api/api_lib.o
                0x0000000008005124                netconn_new_with_proto_and_callback
 .text.netconn_bind
                0x00000000080051d8       0x4c ./Middlewares/Third_Party/LwIP/src/api/api_lib.o
                0x00000000080051d8                netconn_bind
 .text.netconn_listen_with_backlog
                0x0000000008005224       0x3c ./Middlewares/Third_Party/LwIP/src/api/api_lib.o
                0x0000000008005224                netconn_listen_with_backlog
 .text.netconn_err
                0x0000000008005260       0x1e ./Middlewares/Third_Party/LwIP/src/api/api_lib.o
                0x0000000008005260                netconn_err
 *fill*         0x000000000800527e        0x2 
 .text.netconn_accept
                0x0000000008005280       0xb0 ./Middlewares/Third_Party/LwIP/src/api/api_lib.o
                0x0000000008005280                netconn_accept
 .text.setup_tcp
                0x0000000008005330       0x44 ./Middlewares/Third_Party/LwIP/src/api/api_msg.o
 .text.lwip_netconn_do_writemore
                0x0000000008005374      0x250 ./Middlewares/Third_Party/LwIP/src/api/api_msg.o
 .text.lwip_netconn_do_close_internal
                0x00000000080055c4      0x1e8 ./Middlewares/Third_Party/LwIP/src/api/api_msg.o
 .text.poll_tcp
                0x00000000080057ac       0x78 ./Middlewares/Third_Party/LwIP/src/api/api_msg.o
 .text.sent_tcp
                0x0000000008005824       0x6c ./Middlewares/Third_Party/LwIP/src/api/api_msg.o
 .text.recv_tcp
                0x0000000008005890       0xd0 ./Middlewares/Third_Party/LwIP/src/api/api_msg.o
 .text.err_tcp  0x0000000008005960      0x13c ./Middlewares/Third_Party/LwIP/src/api/api_msg.o
 .text.lwip_netconn_is_err_msg
                0x0000000008005a9c       0x54 ./Middlewares/Third_Party/LwIP/src/api/api_msg.o
                0x0000000008005a9c                lwip_netconn_is_err_msg
 .text.lwip_netconn_do_newconn
                0x0000000008005af0       0x38 ./Middlewares/Third_Party/LwIP/src/api/api_msg.o
                0x0000000008005af0                lwip_netconn_do_newconn
 .text.netconn_alloc
                0x0000000008005b28       0x88 ./Middlewares/Third_Party/LwIP/src/api/api_msg.o
                0x0000000008005b28                netconn_alloc
 .text.netconn_free
                0x0000000008005bb0       0x78 ./Middlewares/Third_Party/LwIP/src/api/api_msg.o
                0x0000000008005bb0                netconn_free
 .text.accept_function
                0x0000000008005c28       0xf4 ./Middlewares/Third_Party/LwIP/src/api/api_msg.o
 .text.lwip_netconn_do_bind
                0x0000000008005d1c       0x26 ./Middlewares/Third_Party/LwIP/src/api/api_msg.o
                0x0000000008005d1c                lwip_netconn_do_bind
 *fill*         0x0000000008005d42        0x2 
 .text.lwip_netconn_do_listen
                0x0000000008005d44       0xb8 ./Middlewares/Third_Party/LwIP/src/api/api_msg.o
                0x0000000008005d44                lwip_netconn_do_listen
 .text.tcpip_thread
                0x0000000008005dfc       0xd0 ./Middlewares/Third_Party/LwIP/src/api/tcpip.o
 .text.tcpip_inpkt
                0x0000000008005ecc       0x58 ./Middlewares/Third_Party/LwIP/src/api/tcpip.o
                0x0000000008005ecc                tcpip_inpkt
 .text.tcpip_input
                0x0000000008005f24       0x1c ./Middlewares/Third_Party/LwIP/src/api/tcpip.o
                0x0000000008005f24                tcpip_input
 .text.tcpip_try_callback
                0x0000000008005f40       0x58 ./Middlewares/Third_Party/LwIP/src/api/tcpip.o
                0x0000000008005f40                tcpip_try_callback
 .text.tcpip_send_msg_wait_sem
                0x0000000008005f98       0x20 ./Middlewares/Third_Party/LwIP/src/api/tcpip.o
                0x0000000008005f98                tcpip_send_msg_wait_sem
 .text.tcpip_init
                0x0000000008005fb8       0x80 ./Middlewares/Third_Party/LwIP/src/api/tcpip.o
                0x0000000008005fb8                tcpip_init
 .text.lwip_htons
                0x0000000008006038        0x6 ./Middlewares/Third_Party/LwIP/src/core/def.o
                0x0000000008006038                lwip_htons
 .text.lwip_htonl
                0x000000000800603e        0x4 ./Middlewares/Third_Party/LwIP/src/core/def.o
                0x000000000800603e                lwip_htonl
 .text.lwip_init
                0x0000000008006042       0x1e ./Middlewares/Third_Party/LwIP/src/core/init.o
                0x0000000008006042                lwip_init
 .text.mem_init
                0x0000000008006060       0x68 ./Middlewares/Third_Party/LwIP/src/core/mem.o
                0x0000000008006060                mem_init
 .text.mem_free
                0x00000000080060c8      0x1b8 ./Middlewares/Third_Party/LwIP/src/core/mem.o
                0x00000000080060c8                mem_free
 .text.mem_trim
                0x0000000008006280      0x16c ./Middlewares/Third_Party/LwIP/src/core/mem.o
                0x0000000008006280                mem_trim
 .text.mem_malloc
                0x00000000080063ec      0x160 ./Middlewares/Third_Party/LwIP/src/core/mem.o
                0x00000000080063ec                mem_malloc
 .text.do_memp_malloc_pool
                0x000000000800654c       0x3c ./Middlewares/Third_Party/LwIP/src/core/memp.o
 .text.do_memp_free_pool
                0x0000000008006588       0x38 ./Middlewares/Third_Party/LwIP/src/core/memp.o
 .text.memp_init_pool
                0x00000000080065c0       0x26 ./Middlewares/Third_Party/LwIP/src/core/memp.o
                0x00000000080065c0                memp_init_pool
 *fill*         0x00000000080065e6        0x2 
 .text.memp_init
                0x00000000080065e8       0x1c ./Middlewares/Third_Party/LwIP/src/core/memp.o
                0x00000000080065e8                memp_init
 .text.memp_malloc_pool
                0x0000000008006604       0x2c ./Middlewares/Third_Party/LwIP/src/core/memp.o
                0x0000000008006604                memp_malloc_pool
 .text.memp_malloc
                0x0000000008006630       0x38 ./Middlewares/Third_Party/LwIP/src/core/memp.o
                0x0000000008006630                memp_malloc
 .text.memp_free_pool
                0x0000000008006668       0x28 ./Middlewares/Third_Party/LwIP/src/core/memp.o
                0x0000000008006668                memp_free_pool
 .text.memp_free
                0x0000000008006690       0x30 ./Middlewares/Third_Party/LwIP/src/core/memp.o
                0x0000000008006690                memp_free
 .text.netif_null_output_ip4
                0x00000000080066c0        0x6 ./Middlewares/Third_Party/LwIP/src/core/netif.o
 *fill*         0x00000000080066c6        0x2 
 .text.netif_issue_reports
                0x00000000080066c8       0x44 ./Middlewares/Third_Party/LwIP/src/core/netif.o
 .text.netif_do_set_ipaddr.isra.0
                0x000000000800670c       0x48 ./Middlewares/Third_Party/LwIP/src/core/netif.o
 .text.netif_init
                0x0000000008006754        0x2 ./Middlewares/Third_Party/LwIP/src/core/netif.o
                0x0000000008006754                netif_init
 *fill*         0x0000000008006756        0x2 
 .text.netif_set_addr
                0x0000000008006758       0x58 ./Middlewares/Third_Party/LwIP/src/core/netif.o
                0x0000000008006758                netif_set_addr
 .text.netif_add
                0x00000000080067b0      0x12c ./Middlewares/Third_Party/LwIP/src/core/netif.o
                0x00000000080067b0                netif_add
 .text.netif_set_default
                0x00000000080068dc        0xc ./Middlewares/Third_Party/LwIP/src/core/netif.o
                0x00000000080068dc                netif_set_default
 .text.netif_set_up
                0x00000000080068e8       0x34 ./Middlewares/Third_Party/LwIP/src/core/netif.o
                0x00000000080068e8                netif_set_up
 .text.netif_set_down
                0x000000000800691c       0x38 ./Middlewares/Third_Party/LwIP/src/core/netif.o
                0x000000000800691c                netif_set_down
 .text.netif_set_link_up
                0x0000000008006954       0x48 ./Middlewares/Third_Party/LwIP/src/core/netif.o
                0x0000000008006954                netif_set_link_up
 .text.netif_set_link_down
                0x000000000800699c       0x34 ./Middlewares/Third_Party/LwIP/src/core/netif.o
                0x000000000800699c                netif_set_link_down
 .text.netif_set_link_callback
                0x00000000080069d0        0x6 ./Middlewares/Third_Party/LwIP/src/core/netif.o
                0x00000000080069d0                netif_set_link_callback
 *fill*         0x00000000080069d6        0x2 
 .text.netif_get_by_index
                0x00000000080069d8       0x24 ./Middlewares/Third_Party/LwIP/src/core/netif.o
                0x00000000080069d8                netif_get_by_index
 .text.pbuf_free_ooseq_callback
                0x00000000080069fc       0x30 ./Middlewares/Third_Party/LwIP/src/core/pbuf.o
 .text.pbuf_add_header_impl
                0x0000000008006a2c       0x64 ./Middlewares/Third_Party/LwIP/src/core/pbuf.o
 .text.pbuf_alloc_reference
                0x0000000008006a90       0x48 ./Middlewares/Third_Party/LwIP/src/core/pbuf.o
                0x0000000008006a90                pbuf_alloc_reference
 .text.pbuf_alloced_custom
                0x0000000008006ad8       0x34 ./Middlewares/Third_Party/LwIP/src/core/pbuf.o
                0x0000000008006ad8                pbuf_alloced_custom
 .text.pbuf_add_header
                0x0000000008006b0c        0x6 ./Middlewares/Third_Party/LwIP/src/core/pbuf.o
                0x0000000008006b0c                pbuf_add_header
 *fill*         0x0000000008006b12        0x2 
 .text.pbuf_remove_header
                0x0000000008006b14       0x58 ./Middlewares/Third_Party/LwIP/src/core/pbuf.o
                0x0000000008006b14                pbuf_remove_header
 .text.pbuf_header_force
                0x0000000008006b6c       0x10 ./Middlewares/Third_Party/LwIP/src/core/pbuf.o
                0x0000000008006b6c                pbuf_header_force
 .text.pbuf_free
                0x0000000008006b7c       0xd0 ./Middlewares/Third_Party/LwIP/src/core/pbuf.o
                0x0000000008006b7c                pbuf_free
 .text.pbuf_alloc
                0x0000000008006c4c      0x124 ./Middlewares/Third_Party/LwIP/src/core/pbuf.o
                0x0000000008006c4c                pbuf_alloc
 .text.pbuf_realloc
                0x0000000008006d70       0xb0 ./Middlewares/Third_Party/LwIP/src/core/pbuf.o
                0x0000000008006d70                pbuf_realloc
 .text.pbuf_clen
                0x0000000008006e20       0x10 ./Middlewares/Third_Party/LwIP/src/core/pbuf.o
                0x0000000008006e20                pbuf_clen
 .text.pbuf_ref
                0x0000000008006e30       0x38 ./Middlewares/Third_Party/LwIP/src/core/pbuf.o
                0x0000000008006e30                pbuf_ref
 .text.pbuf_cat
                0x0000000008006e68       0x74 ./Middlewares/Third_Party/LwIP/src/core/pbuf.o
                0x0000000008006e68                pbuf_cat
 .text.pbuf_copy
                0x0000000008006edc      0x104 ./Middlewares/Third_Party/LwIP/src/core/pbuf.o
                0x0000000008006edc                pbuf_copy
 .text.pbuf_copy_partial
                0x0000000008006fe0       0x8c ./Middlewares/Third_Party/LwIP/src/core/pbuf.o
                0x0000000008006fe0                pbuf_copy_partial
 .text.pbuf_clone
                0x000000000800706c       0x38 ./Middlewares/Third_Party/LwIP/src/core/pbuf.o
                0x000000000800706c                pbuf_clone
 .text.tcp_new_port
                0x00000000080070a4       0x54 ./Middlewares/Third_Party/LwIP/src/core/tcp.o
 .text.tcp_close_shutdown_fin
                0x00000000080070f8       0x60 ./Middlewares/Third_Party/LwIP/src/core/tcp.o
 .text.tcp_init
                0x0000000008007158       0x18 ./Middlewares/Third_Party/LwIP/src/core/tcp.o
                0x0000000008007158                tcp_init
 .text.tcp_free
                0x0000000008007170       0x30 ./Middlewares/Third_Party/LwIP/src/core/tcp.o
                0x0000000008007170                tcp_free
 .text.tcp_bind
                0x00000000080071a0       0xac ./Middlewares/Third_Party/LwIP/src/core/tcp.o
                0x00000000080071a0                tcp_bind
 .text.tcp_listen_with_backlog_and_err
                0x000000000800724c       0xcc ./Middlewares/Third_Party/LwIP/src/core/tcp.o
                0x000000000800724c                tcp_listen_with_backlog_and_err
 .text.tcp_update_rcv_ann_wnd
                0x0000000008007318       0x6c ./Middlewares/Third_Party/LwIP/src/core/tcp.o
                0x0000000008007318                tcp_update_rcv_ann_wnd
 .text.tcp_recved
                0x0000000008007384       0x7c ./Middlewares/Third_Party/LwIP/src/core/tcp.o
                0x0000000008007384                tcp_recved
 .text.tcp_seg_free
                0x0000000008007400       0x1c ./Middlewares/Third_Party/LwIP/src/core/tcp.o
                0x0000000008007400                tcp_seg_free
 .text.tcp_segs_free
                0x000000000800741c       0x10 ./Middlewares/Third_Party/LwIP/src/core/tcp.o
                0x000000000800741c                tcp_segs_free
 .text.tcp_seg_copy
                0x000000000800742c       0x48 ./Middlewares/Third_Party/LwIP/src/core/tcp.o
                0x000000000800742c                tcp_seg_copy
 .text.tcp_arg  0x0000000008007474        0x6 ./Middlewares/Third_Party/LwIP/src/core/tcp.o
                0x0000000008007474                tcp_arg
 *fill*         0x000000000800747a        0x2 
 .text.tcp_recv
                0x000000000800747c       0x30 ./Middlewares/Third_Party/LwIP/src/core/tcp.o
                0x000000000800747c                tcp_recv
 .text.tcp_sent
                0x00000000080074ac       0x30 ./Middlewares/Third_Party/LwIP/src/core/tcp.o
                0x00000000080074ac                tcp_sent
 .text.tcp_err  0x00000000080074dc       0x30 ./Middlewares/Third_Party/LwIP/src/core/tcp.o
                0x00000000080074dc                tcp_err
 .text.tcp_accept
                0x000000000800750c        0xc ./Middlewares/Third_Party/LwIP/src/core/tcp.o
                0x000000000800750c                tcp_accept
 .text.tcp_poll
                0x0000000008007518       0x48 ./Middlewares/Third_Party/LwIP/src/core/tcp.o
                0x0000000008007518                tcp_poll
 .text.tcp_next_iss
                0x0000000008007560       0x34 ./Middlewares/Third_Party/LwIP/src/core/tcp.o
                0x0000000008007560                tcp_next_iss
 .text.tcp_eff_send_mss_netif
                0x0000000008007594       0x3c ./Middlewares/Third_Party/LwIP/src/core/tcp.o
                0x0000000008007594                tcp_eff_send_mss_netif
 .text.tcp_free_ooseq
                0x00000000080075d0       0x12 ./Middlewares/Third_Party/LwIP/src/core/tcp.o
                0x00000000080075d0                tcp_free_ooseq
 *fill*         0x00000000080075e2        0x2 
 .text.tcp_pcb_purge
                0x00000000080075e4       0x64 ./Middlewares/Third_Party/LwIP/src/core/tcp.o
                0x00000000080075e4                tcp_pcb_purge
 .text.tcp_pcb_remove
                0x0000000008007648       0xcc ./Middlewares/Third_Party/LwIP/src/core/tcp.o
                0x0000000008007648                tcp_pcb_remove
 .text.tcp_abandon
                0x0000000008007714      0x104 ./Middlewares/Third_Party/LwIP/src/core/tcp.o
                0x0000000008007714                tcp_abandon
 .text.tcp_abort
                0x0000000008007818        0x6 ./Middlewares/Third_Party/LwIP/src/core/tcp.o
                0x0000000008007818                tcp_abort
 *fill*         0x000000000800781e        0x2 
 .text.tcp_accept_null
                0x0000000008007820       0x2c ./Middlewares/Third_Party/LwIP/src/core/tcp.o
 .text.tcp_netif_ip_addr_changed_pcblist
                0x000000000800784c       0x3c ./Middlewares/Third_Party/LwIP/src/core/tcp.o
 .text.tcp_netif_ip_addr_changed
                0x0000000008007888       0x48 ./Middlewares/Third_Party/LwIP/src/core/tcp.o
                0x0000000008007888                tcp_netif_ip_addr_changed
 .text.tcp_kill_state
                0x00000000080078d0       0x3c ./Middlewares/Third_Party/LwIP/src/core/tcp.o
 .text.tcp_alloc
                0x000000000800790c      0x130 ./Middlewares/Third_Party/LwIP/src/core/tcp.o
                0x000000000800790c                tcp_alloc
 .text.tcp_new_ip_type
                0x0000000008007a3c        0x6 ./Middlewares/Third_Party/LwIP/src/core/tcp.o
                0x0000000008007a3c                tcp_new_ip_type
 *fill*         0x0000000008007a42        0x2 
 .text.tcp_close_shutdown
                0x0000000008007a44      0x164 ./Middlewares/Third_Party/LwIP/src/core/tcp.o
 .text.tcp_close
                0x0000000008007ba8       0x3c ./Middlewares/Third_Party/LwIP/src/core/tcp.o
                0x0000000008007ba8                tcp_close
 .text.tcp_recv_null
                0x0000000008007be4       0x48 ./Middlewares/Third_Party/LwIP/src/core/tcp.o
                0x0000000008007be4                tcp_recv_null
 .text.tcp_process_refused_data
                0x0000000008007c2c       0x88 ./Middlewares/Third_Party/LwIP/src/core/tcp.o
                0x0000000008007c2c                tcp_process_refused_data
 .text.tcp_fasttmr
                0x0000000008007cb4       0x80 ./Middlewares/Third_Party/LwIP/src/core/tcp.o
                0x0000000008007cb4                tcp_fasttmr
 .text.tcp_shutdown
                0x0000000008007d34       0x70 ./Middlewares/Third_Party/LwIP/src/core/tcp.o
                0x0000000008007d34                tcp_shutdown
 .text.tcp_slowtmr
                0x0000000008007da4      0x43c ./Middlewares/Third_Party/LwIP/src/core/tcp.o
                0x0000000008007da4                tcp_slowtmr
 .text.tcp_tmr  0x00000000080081e0       0x24 ./Middlewares/Third_Party/LwIP/src/core/tcp.o
                0x00000000080081e0                tcp_tmr
 .text.tcp_get_next_optbyte
                0x0000000008008204       0x38 ./Middlewares/Third_Party/LwIP/src/core/tcp_in.o
 .text.tcp_oos_insert_segment
                0x000000000800823c       0x94 ./Middlewares/Third_Party/LwIP/src/core/tcp_in.o
 .text.tcp_parseopt
                0x00000000080082d0       0x90 ./Middlewares/Third_Party/LwIP/src/core/tcp_in.o
 .text.tcp_input_delayed_close
                0x0000000008008360       0x58 ./Middlewares/Third_Party/LwIP/src/core/tcp_in.o
 .text.tcp_free_acked_segments.constprop.0
                0x00000000080083b8       0xc4 ./Middlewares/Third_Party/LwIP/src/core/tcp_in.o
 .text.tcp_receive
                0x000000000800847c      0x85c ./Middlewares/Third_Party/LwIP/src/core/tcp_in.o
 .text.tcp_input
                0x0000000008008cd8      0xafc ./Middlewares/Third_Party/LwIP/src/core/tcp_in.o
                0x0000000008008cd8                tcp_input
 .text.tcp_trigger_input_pcb_close
                0x00000000080097d4       0x10 ./Middlewares/Third_Party/LwIP/src/core/tcp_in.o
                0x00000000080097d4                tcp_trigger_input_pcb_close
 .text.tcp_output_segment_busy
                0x00000000080097e4       0x2c ./Middlewares/Third_Party/LwIP/src/core/tcp_out.o
 .text.tcp_pbuf_prealloc
                0x0000000008009810       0x98 ./Middlewares/Third_Party/LwIP/src/core/tcp_out.o
 .text.tcp_create_segment
                0x00000000080098a8       0xe4 ./Middlewares/Third_Party/LwIP/src/core/tcp_out.o
 .text.tcp_output_alloc_header_common.constprop.0
                0x000000000800998c       0x84 ./Middlewares/Third_Party/LwIP/src/core/tcp_out.o
 .text.tcp_output_alloc_header.constprop.0
                0x0000000008009a10       0x4c ./Middlewares/Third_Party/LwIP/src/core/tcp_out.o
 .text.tcp_output_fill_options.constprop.0
                0x0000000008009a5c       0x20 ./Middlewares/Third_Party/LwIP/src/core/tcp_out.o
 .text.tcp_output_control_segment
                0x0000000008009a7c       0x70 ./Middlewares/Third_Party/LwIP/src/core/tcp_out.o
 .text.tcp_write
                0x0000000008009aec      0x53c ./Middlewares/Third_Party/LwIP/src/core/tcp_out.o
                0x0000000008009aec                tcp_write
 .text.tcp_split_unsent_seg
                0x000000000800a028      0x198 ./Middlewares/Third_Party/LwIP/src/core/tcp_out.o
                0x000000000800a028                tcp_split_unsent_seg
 .text.tcp_enqueue_flags
                0x000000000800a1c0      0x128 ./Middlewares/Third_Party/LwIP/src/core/tcp_out.o
                0x000000000800a1c0                tcp_enqueue_flags
 .text.tcp_send_fin
                0x000000000800a2e8       0x60 ./Middlewares/Third_Party/LwIP/src/core/tcp_out.o
                0x000000000800a2e8                tcp_send_fin
 .text.tcp_rexmit_rto_prepare
                0x000000000800a348       0x88 ./Middlewares/Third_Party/LwIP/src/core/tcp_out.o
                0x000000000800a348                tcp_rexmit_rto_prepare
 .text.tcp_rexmit
                0x000000000800a3d0       0x80 ./Middlewares/Third_Party/LwIP/src/core/tcp_out.o
                0x000000000800a3d0                tcp_rexmit
 .text.tcp_rexmit_fast
                0x000000000800a450       0x68 ./Middlewares/Third_Party/LwIP/src/core/tcp_out.o
                0x000000000800a450                tcp_rexmit_fast
 .text.tcp_rst  0x000000000800a4b8       0x8c ./Middlewares/Third_Party/LwIP/src/core/tcp_out.o
                0x000000000800a4b8                tcp_rst
 .text.tcp_send_empty_ack
                0x000000000800a544       0x64 ./Middlewares/Third_Party/LwIP/src/core/tcp_out.o
                0x000000000800a544                tcp_send_empty_ack
 .text.tcp_output
                0x000000000800a5a8      0x354 ./Middlewares/Third_Party/LwIP/src/core/tcp_out.o
                0x000000000800a5a8                tcp_output
 .text.tcp_rexmit_rto_commit
                0x000000000800a8fc       0x38 ./Middlewares/Third_Party/LwIP/src/core/tcp_out.o
                0x000000000800a8fc                tcp_rexmit_rto_commit
 .text.tcp_rexmit_rto
                0x000000000800a934       0x34 ./Middlewares/Third_Party/LwIP/src/core/tcp_out.o
                0x000000000800a934                tcp_rexmit_rto
 .text.tcp_keepalive
                0x000000000800a968       0x50 ./Middlewares/Third_Party/LwIP/src/core/tcp_out.o
                0x000000000800a968                tcp_keepalive
 .text.tcp_zero_window_probe
                0x000000000800a9b8       0xc8 ./Middlewares/Third_Party/LwIP/src/core/tcp_out.o
                0x000000000800a9b8                tcp_zero_window_probe
 .text.sys_timeout_abs
                0x000000000800aa80       0x64 ./Middlewares/Third_Party/LwIP/src/core/timeouts.o
 .text.lwip_cyclic_timer
                0x000000000800aae4       0x34 ./Middlewares/Third_Party/LwIP/src/core/timeouts.o
 .text.sys_timeout
                0x000000000800ab18       0x3c ./Middlewares/Third_Party/LwIP/src/core/timeouts.o
                0x000000000800ab18                sys_timeout
 .text.tcp_timer_needed
                0x000000000800ab54       0x34 ./Middlewares/Third_Party/LwIP/src/core/timeouts.o
                0x000000000800ab54                tcp_timer_needed
 .text.tcpip_tcp_timer
                0x000000000800ab88       0x38 ./Middlewares/Third_Party/LwIP/src/core/timeouts.o
 .text.sys_timeouts_init
                0x000000000800abc0       0x2c ./Middlewares/Third_Party/LwIP/src/core/timeouts.o
                0x000000000800abc0                sys_timeouts_init
 .text.sys_check_timeouts
                0x000000000800abec       0x44 ./Middlewares/Third_Party/LwIP/src/core/timeouts.o
                0x000000000800abec                sys_check_timeouts
 .text.sys_timeouts_sleeptime
                0x000000000800ac30       0x24 ./Middlewares/Third_Party/LwIP/src/core/timeouts.o
                0x000000000800ac30                sys_timeouts_sleeptime
 .text.etharp_free_entry
                0x000000000800ac54       0x28 ./Middlewares/Third_Party/LwIP/src/core/ipv4/etharp.o
 .text.etharp_find_entry
                0x000000000800ac7c      0x11c ./Middlewares/Third_Party/LwIP/src/core/ipv4/etharp.o
 .text.etharp_raw
                0x000000000800ad98       0xdc ./Middlewares/Third_Party/LwIP/src/core/ipv4/etharp.o
 .text.etharp_cleanup_netif
                0x000000000800ae74       0x28 ./Middlewares/Third_Party/LwIP/src/core/ipv4/etharp.o
                0x000000000800ae74                etharp_cleanup_netif
 .text.etharp_input
                0x000000000800ae9c      0x14c ./Middlewares/Third_Party/LwIP/src/core/ipv4/etharp.o
                0x000000000800ae9c                etharp_input
 .text.etharp_request
                0x000000000800afe8       0x2c ./Middlewares/Third_Party/LwIP/src/core/ipv4/etharp.o
                0x000000000800afe8                etharp_request
 .text.etharp_tmr
                0x000000000800b014       0x54 ./Middlewares/Third_Party/LwIP/src/core/ipv4/etharp.o
                0x000000000800b014                etharp_tmr
 .text.etharp_output_to_arp_index
                0x000000000800b068       0xac ./Middlewares/Third_Party/LwIP/src/core/ipv4/etharp.o
 .text.etharp_query
                0x000000000800b114      0x130 ./Middlewares/Third_Party/LwIP/src/core/ipv4/etharp.o
                0x000000000800b114                etharp_query
 .text.etharp_output
                0x000000000800b244      0x140 ./Middlewares/Third_Party/LwIP/src/core/ipv4/etharp.o
                0x000000000800b244                etharp_output
 .text.icmp_send_response
                0x000000000800b384       0x90 ./Middlewares/Third_Party/LwIP/src/core/ipv4/icmp.o
 .text.icmp_input
                0x000000000800b414      0x12c ./Middlewares/Third_Party/LwIP/src/core/ipv4/icmp.o
                0x000000000800b414                icmp_input
 .text.icmp_dest_unreach
                0x000000000800b540        0x8 ./Middlewares/Third_Party/LwIP/src/core/ipv4/icmp.o
                0x000000000800b540                icmp_dest_unreach
 .text.icmp_time_exceeded
                0x000000000800b548        0x8 ./Middlewares/Third_Party/LwIP/src/core/ipv4/icmp.o
                0x000000000800b548                icmp_time_exceeded
 .text.ip4_input_accept
                0x000000000800b550       0x34 ./Middlewares/Third_Party/LwIP/src/core/ipv4/ip4.o
 .text.ip4_route
                0x000000000800b584       0x5c ./Middlewares/Third_Party/LwIP/src/core/ipv4/ip4.o
                0x000000000800b584                ip4_route
 .text.ip4_input
                0x000000000800b5e0      0x15c ./Middlewares/Third_Party/LwIP/src/core/ipv4/ip4.o
                0x000000000800b5e0                ip4_input
 .text.ip4_output_if_src
                0x000000000800b73c       0xf8 ./Middlewares/Third_Party/LwIP/src/core/ipv4/ip4.o
                0x000000000800b73c                ip4_output_if_src
 .text.ip4_output_if
                0x000000000800b834       0x22 ./Middlewares/Third_Party/LwIP/src/core/ipv4/ip4.o
                0x000000000800b834                ip4_output_if
 .text.ip4_addr_isbroadcast_u32
                0x000000000800b856       0x36 ./Middlewares/Third_Party/LwIP/src/core/ipv4/ip4_addr.o
                0x000000000800b856                ip4_addr_isbroadcast_u32
 .text.ip_reass_dequeue_datagram
                0x000000000800b88c       0x44 ./Middlewares/Third_Party/LwIP/src/core/ipv4/ip4_frag.o
 .text.ip_reass_free_complete_datagram
                0x000000000800b8d0       0xe8 ./Middlewares/Third_Party/LwIP/src/core/ipv4/ip4_frag.o
 .text.ip_reass_remove_oldest_datagram
                0x000000000800b9b8       0x78 ./Middlewares/Third_Party/LwIP/src/core/ipv4/ip4_frag.o
 .text.ip_frag_free_pbuf_custom_ref
                0x000000000800ba30       0x2c ./Middlewares/Third_Party/LwIP/src/core/ipv4/ip4_frag.o
 .text.ipfrag_free_pbuf_custom
                0x000000000800ba5c       0x34 ./Middlewares/Third_Party/LwIP/src/core/ipv4/ip4_frag.o
 .text.ip_reass_tmr
                0x000000000800ba90       0x2c ./Middlewares/Third_Party/LwIP/src/core/ipv4/ip4_frag.o
                0x000000000800ba90                ip_reass_tmr
 .text.ip4_reass
                0x000000000800babc      0x3b4 ./Middlewares/Third_Party/LwIP/src/core/ipv4/ip4_frag.o
                0x000000000800babc                ip4_reass
 .text.ip4_frag
                0x000000000800be70      0x1d8 ./Middlewares/Third_Party/LwIP/src/core/ipv4/ip4_frag.o
                0x000000000800be70                ip4_frag
 .text.ethernet_input
                0x000000000800c048       0xa0 ./Middlewares/Third_Party/LwIP/src/netif/ethernet.o
                0x000000000800c048                ethernet_input
 .text.ethernet_output
                0x000000000800c0e8       0x70 ./Middlewares/Third_Party/LwIP/src/netif/ethernet.o
                0x000000000800c0e8                ethernet_output
 .text.sys_mbox_new
                0x000000000800c158       0x1a ./Middlewares/Third_Party/LwIP/system/OS/sys_arch.o
                0x000000000800c158                sys_mbox_new
 .text.sys_mbox_free
                0x000000000800c172       0x14 ./Middlewares/Third_Party/LwIP/system/OS/sys_arch.o
                0x000000000800c172                sys_mbox_free
 .text.sys_mbox_trypost
                0x000000000800c186       0x1e ./Middlewares/Third_Party/LwIP/system/OS/sys_arch.o
                0x000000000800c186                sys_mbox_trypost
 .text.sys_arch_mbox_fetch
                0x000000000800c1a4       0x3c ./Middlewares/Third_Party/LwIP/system/OS/sys_arch.o
                0x000000000800c1a4                sys_arch_mbox_fetch
 .text.sys_arch_mbox_tryfetch
                0x000000000800c1e0       0x16 ./Middlewares/Third_Party/LwIP/system/OS/sys_arch.o
                0x000000000800c1e0                sys_arch_mbox_tryfetch
 .text.sys_mbox_valid
                0x000000000800c1f6        0xa ./Middlewares/Third_Party/LwIP/system/OS/sys_arch.o
                0x000000000800c1f6                sys_mbox_valid
 .text.sys_mbox_set_invalid
                0x000000000800c200        0x6 ./Middlewares/Third_Party/LwIP/system/OS/sys_arch.o
                0x000000000800c200                sys_mbox_set_invalid
 .text.sys_sem_new
                0x000000000800c206       0x26 ./Middlewares/Third_Party/LwIP/system/OS/sys_arch.o
                0x000000000800c206                sys_sem_new
 .text.sys_sem_signal
                0x000000000800c22c        0x6 ./Middlewares/Third_Party/LwIP/system/OS/sys_arch.o
                0x000000000800c22c                sys_sem_signal
 .text.sys_sem_free
                0x000000000800c232        0x6 ./Middlewares/Third_Party/LwIP/system/OS/sys_arch.o
                0x000000000800c232                sys_sem_free
 .text.sys_sem_valid
                0x000000000800c238        0xa ./Middlewares/Third_Party/LwIP/system/OS/sys_arch.o
                0x000000000800c238                sys_sem_valid
 .text.sys_sem_set_invalid
                0x000000000800c242        0x6 ./Middlewares/Third_Party/LwIP/system/OS/sys_arch.o
                0x000000000800c242                sys_sem_set_invalid
 .text.sys_init
                0x000000000800c248       0x14 ./Middlewares/Third_Party/LwIP/system/OS/sys_arch.o
                0x000000000800c248                sys_init
 .text.sys_mutex_new
                0x000000000800c25c       0x16 ./Middlewares/Third_Party/LwIP/system/OS/sys_arch.o
                0x000000000800c25c                sys_mutex_new
 .text.sys_mutex_lock
                0x000000000800c272        0xa ./Middlewares/Third_Party/LwIP/system/OS/sys_arch.o
                0x000000000800c272                sys_mutex_lock
 .text.sys_mutex_unlock
                0x000000000800c27c        0x6 ./Middlewares/Third_Party/LwIP/system/OS/sys_arch.o
                0x000000000800c27c                sys_mutex_unlock
 .text.sys_thread_new
                0x000000000800c282       0x2c ./Middlewares/Third_Party/LwIP/system/OS/sys_arch.o
                0x000000000800c282                sys_thread_new
 *fill*         0x000000000800c2ae        0x2 
 .text.sys_arch_protect
                0x000000000800c2b0       0x18 ./Middlewares/Third_Party/LwIP/system/OS/sys_arch.o
                0x000000000800c2b0                sys_arch_protect
 .text.sys_arch_unprotect
                0x000000000800c2c8        0xc ./Middlewares/Third_Party/LwIP/system/OS/sys_arch.o
                0x000000000800c2c8                sys_arch_unprotect
 .text.std      0x000000000800c2d4       0x48 /opt/st/stm32cubeide_1.10.1/plugins/com.st.stm32cube.ide.mcu.externaltools.gnu-tools-for-stm32.10.3-2021.10.linux64_1.0.0.202111181127/tools/bin/../lib/gcc/arm-none-eabi/10.3.1/../../../../arm-none-eabi/lib/thumb/v7e-m+fp/hard/libc_nano.a(lib_a-findfp.o)
 .text._cleanup_r
                0x000000000800c31c        0xc /opt/st/stm32cubeide_1.10.1/plugins/com.st.stm32cube.ide.mcu.externaltools.gnu-tools-for-stm32.10.3-2021.10.linux64_1.0.0.202111181127/tools/bin/../lib/gcc/arm-none-eabi/10.3.1/../../../../arm-none-eabi/lib/thumb/v7e-m+fp/hard/libc_nano.a(lib_a-findfp.o)
                0x000000000800c31c                _cleanup_r
 .text.__sfmoreglue
                0x000000000800c328       0x2c /opt/st/stm32cubeide_1.10.1/plugins/com.st.stm32cube.ide.mcu.externaltools.gnu-tools-for-stm32.10.3-2021.10.linux64_1.0.0.202111181127/tools/bin/../lib/gcc/arm-none-eabi/10.3.1/../../../../arm-none-eabi/lib/thumb/v7e-m+fp/hard/libc_nano.a(lib_a-findfp.o)
                0x000000000800c328                __sfmoreglue
 .text.__sfp_lock_acquire
                0x000000000800c354        0xc /opt/st/stm32cubeide_1.10.1/plugins/com.st.stm32cube.ide.mcu.externaltools.gnu-tools-for-stm32.10.3-2021.10.linux64_1.0.0.202111181127/tools/bin/../lib/gcc/arm-none-eabi/10.3.1/../../../../arm-none-eabi/lib/thumb/v7e-m+fp/hard/libc_nano.a(lib_a-findfp.o)
                0x000000000800c354                __sfp_lock_acquire
 .text.__sfp_lock_release
                0x000000000800c360        0xc /opt/st/stm32cubeide_1.10.1/plugins/com.st.stm32cube.ide.mcu.externaltools.gnu-tools-for-stm32.10.3-2021.10.linux64_1.0.0.202111181127/tools/bin/../lib/gcc/arm-none-eabi/10.3.1/../../../../arm-none-eabi/lib/thumb/v7e-m+fp/hard/libc_nano.a(lib_a-findfp.o)
                0x000000000800c360                __sfp_lock_release
 .text.__sinit_lock_acquire
                0x000000000800c36c        0xc /opt/st/stm32cubeide_1.10.1/plugins/com.st.stm32cube.ide.mcu.externaltools.gnu-tools-for-stm32.10.3-2021.10.linux64_1.0.0.202111181127/tools/bin/../lib/gcc/arm-none-eabi/10.3.1/../../../../arm-none-eabi/lib/thumb/v7e-m+fp/hard/libc_nano.a(lib_a-findfp.o)
                0x000000000800c36c                __sinit_lock_acquire
 .text.__sinit_lock_release
                0x000000000800c378        0xc /opt/st/stm32cubeide_1.10.1/plugins/com.st.stm32cube.ide.mcu.externaltools.gnu-tools-for-stm32.10.3-2021.10.linux64_1.0.0.202111181127/tools/bin/../lib/gcc/arm-none-eabi/10.3.1/../../../../arm-none-eabi/lib/thumb/v7e-m+fp/hard/libc_nano.a(lib_a-findfp.o)
                0x000000000800c378                __sinit_lock_release
 .text.__sinit  0x000000000800c384       0x70 /opt/st/stm32cubeide_1.10.1/plugins/com.st.stm32cube.ide.mcu.externaltools.gnu-tools-for-stm32.10.3-2021.10.linux64_1.0.0.202111181127/tools/bin/../lib/gcc/arm-none-eabi/10.3.1/../../../../arm-none-eabi/lib/thumb/v7e-m+fp/hard/libc_nano.a(lib_a-findfp.o)
                0x000000000800c384                __sinit
 .text.__sfp    0x000000000800c3f4       0x8c /opt/st/stm32cubeide_1.10.1/plugins/com.st.stm32cube.ide.mcu.externaltools.gnu-tools-for-stm32.10.3-2021.10.linux64_1.0.0.202111181127/tools/bin/../lib/gcc/arm-none-eabi/10.3.1/../../../../arm-none-eabi/lib/thumb/v7e-m+fp/hard/libc_nano.a(lib_a-findfp.o)
                0x000000000800c3f4                __sfp
 .text._fwalk_reent
                0x000000000800c480       0x3e /opt/st/stm32cubeide_1.10.1/plugins/com.st.stm32cube.ide.mcu.externaltools.gnu-tools-for-stm32.10.3-2021.10.linux64_1.0.0.202111181127/tools/bin/../lib/gcc/arm-none-eabi/10.3.1/../../../../arm-none-eabi/lib/thumb/v7e-m+fp/hard/libc_nano.a(lib_a-fwalk.o)
                0x000000000800c480                _fwalk_reent
 *fill*         0x000000000800c4be        0x2 
 .text.__libc_init_array
                0x000000000800c4c0       0x48 /opt/st/stm32cubeide_1.10.1/plugins/com.st.stm32cube.ide.mcu.externaltools.gnu-tools-for-stm32.10.3-2021.10.linux64_1.0.0.202111181127/tools/bin/../lib/gcc/arm-none-eabi/10.3.1/../../../../arm-none-eabi/lib/thumb/v7e-m+fp/hard/libc_nano.a(lib_a-init.o)
                0x000000000800c4c0                __libc_init_array
 .text.__retarget_lock_init_recursive
                0x000000000800c508        0x2 /opt/st/stm32cubeide_1.10.1/plugins/com.st.stm32cube.ide.mcu.externaltools.gnu-tools-for-stm32.10.3-2021.10.linux64_1.0.0.202111181127/tools/bin/../lib/gcc/arm-none-eabi/10.3.1/../../../../arm-none-eabi/lib/thumb/v7e-m+fp/hard/libc_nano.a(lib_a-lock.o)
                0x000000000800c508                __retarget_lock_init_recursive
 .text.__retarget_lock_acquire_recursive
                0x000000000800c50a        0x2 /opt/st/stm32cubeide_1.10.1/plugins/com.st.stm32cube.ide.mcu.externaltools.gnu-tools-for-stm32.10.3-2021.10.linux64_1.0.0.202111181127/tools/bin/../lib/gcc/arm-none-eabi/10.3.1/../../../../arm-none-eabi/lib/thumb/v7e-m+fp/hard/libc_nano.a(lib_a-lock.o)
                0x000000000800c50a                __retarget_lock_acquire_recursive
 .text.__retarget_lock_release_recursive
                0x000000000800c50c        0x2 /opt/st/stm32cubeide_1.10.1/plugins/com.st.stm32cube.ide.mcu.externaltools.gnu-tools-for-stm32.10.3-2021.10.linux64_1.0.0.202111181127/tools/bin/../lib/gcc/arm-none-eabi/10.3.1/../../../../arm-none-eabi/lib/thumb/v7e-m+fp/hard/libc_nano.a(lib_a-lock.o)